commit 9510131138a9518730df727468da9402d0ca6b79
Author: M4cgyverAltIforgotMyPassword <m4cgyversnullptr@gmail.com>
Date:   Sat Apr 15 19:20:37 2023 -0700

    First Upload

A	.Dockerfile.nextjs.kate-swp
A	.env
A	.eslintrc.json
A	.gitignore
A	.vscode/settings.json
A	README.md
A	app/(pages)/contact/page.tsx
A	app/(pages)/games/page.tsx
A	app/(pages)/home/page.module.css
A	app/(pages)/home/page.tsx
A	app/(pages)/projects/friends/casmier/page.module.css
A	app/(pages)/projects/friends/casmier/page.tsx
A	app/(pages)/projects/friends/cliffard/page.tsx
A	app/(pages)/projects/friends/cookie/page.module.css
A	app/(pages)/projects/friends/cookie/page.tsx
A	app/(pages)/projects/page.tsx
A	app/(pages)/projects/startupos/page.tsx
A	app/api/.gitignore
A	app/api/v1/comments/route.ts
A	app/api/v1/views/route.tsx
A	app/error.tsx
A	app/favicon.ico
A	app/globals.css
A	app/layout.tsx
A	app/page.module.css
A	app/page.tsx
A	build.log
A	components/prisma/client.ts
A	components/redux/index.ts
A	components/redux/provider.tsx
A	components/v86/v86.module.css
A	components/v86/v86.tsx
A	components/website/createPost.tsx
A	components/website/cube.module.css
A	components/website/cube.tsx
A	components/website/frens.tsx
A	components/website/loading.module.css
A	components/website/loading.tsx
A	components/website/overlay.module.css
A	components/website/overlay.tsx
A	components/website/session.tsx
A	components/website/title.cube.tsx
A	components/website/title.tsx
A	components/website/titleSet.tsx
A	components/website/titleSlice.tsx
A	components/website/views.tsx
A	components/website/win98.css
A	docker-compose.yml
A	docker.log
A	next.config.js
A	package-lock.json
A	package.json
A	prisma/migrations/20230330003135_base/migration.sql
A	prisma/migrations/20230330003801_init/migration.sql
A	prisma/migrations/20230330010036_/migration.sql
A	prisma/migrations/20230330011501_made_comment_dependent/migration.sql
A	prisma/migrations/20230401030716_new_posts/migration.sql
A	prisma/migrations/20230401060753_change_to_comments/migration.sql
A	prisma/migrations/20230401061204_/migration.sql
A	prisma/migrations/20230401063432_/migration.sql
A	prisma/migrations/20230401063602_/migration.sql
A	prisma/migrations/20230401131822_added_views/migration.sql
A	prisma/migrations/20230401145032_/migration.sql
A	prisma/migrations/migration_lock.toml
A	prisma/schema.prisma
A	public/static/fonts/Ac437_ACM_VGA_8x14.ttf
A	public/static/fonts/Ac437_ACM_VGA_8x16.ttf
A	public/static/fonts/Ac437_ACM_VGA_8x8.ttf
A	public/static/fonts/Ac437_ACM_VGA_9x14.ttf
A	public/static/fonts/Ac437_ACM_VGA_9x16.ttf
A	public/static/fonts/Ac437_ACM_VGA_9x8.ttf
A	public/static/fonts/Ac437_AMI_EGA_8x14.ttf
A	public/static/fonts/Ac437_AMI_EGA_8x8-2y.ttf
A	public/static/fonts/Ac437_AMI_EGA_8x8.ttf
A	public/static/fonts/Ac437_AMI_EGA_9x14.ttf
A	public/static/fonts/Ac437_ATI_8x14.ttf
A	public/static/fonts/Ac437_ATI_8x16.ttf
A	public/static/fonts/Ac437_ATI_8x8-2y.ttf
A	public/static/fonts/Ac437_ATI_8x8.ttf
A	public/static/fonts/Ac437_ATI_9x14.ttf
A	public/static/fonts/Ac437_ATI_9x16.ttf
A	public/static/fonts/Ac437_ATI_9x8.ttf
A	public/static/fonts/Ac437_ATI_SmallW_6x8.ttf
A	public/static/fonts/Ac437_ATT_PC6300-2x.ttf
A	public/static/fonts/Ac437_ATT_PC6300.ttf
A	public/static/fonts/Ac437_Acer710_CGA-2y.ttf
A	public/static/fonts/Ac437_Acer710_CGA.ttf
A	public/static/fonts/Ac437_Acer710_Mono.ttf
A	public/static/fonts/Ac437_Acer_VGA_8x8-2y.ttf
A	public/static/fonts/Ac437_Acer_VGA_8x8.ttf
A	public/static/fonts/Ac437_Acer_VGA_9x8.ttf
A	public/static/fonts/Ac437_Amstrad_PC-2y.ttf
A	public/static/fonts/Ac437_Amstrad_PC.ttf
A	public/static/fonts/Ac437_ApricotPortable.ttf
A	public/static/fonts/Ac437_ApricotXenC.ttf
A	public/static/fonts/Ac437_Apricot_200L-2y.ttf
A	public/static/fonts/Ac437_Apricot_200L.ttf
A	public/static/fonts/Ac437_Apricot_Mono.ttf
A	public/static/fonts/Ac437_CL_EagleIII_8x16.ttf
A	public/static/fonts/Ac437_CL_EagleIII_9x16.ttf
A	public/static/fonts/Ac437_CL_EagleII_8x16.ttf
A	public/static/fonts/Ac437_CL_EagleII_9x16.ttf
A	public/static/fonts/Ac437_CompaqThin_8x14.ttf
A	public/static/fonts/Ac437_CompaqThin_8x16.ttf
A	public/static/fonts/Ac437_CompaqThin_8x8.ttf
A	public/static/fonts/Ac437_Compis.ttf
A	public/static/fonts/Ac437_Copam_BIOS-2y.ttf
A	public/static/fonts/Ac437_Copam_BIOS.ttf
A	public/static/fonts/Ac437_Cordata_PPC-21.ttf
A	public/static/fonts/Ac437_Cordata_PPC-400.ttf
A	public/static/fonts/Ac437_DG_One-2y.ttf
A	public/static/fonts/Ac437_DG_One-2y_bold.ttf
A	public/static/fonts/Ac437_DG_One.ttf
A	public/static/fonts/Ac437_DG_One_bold.ttf
A	public/static/fonts/Ac437_DTK_BIOS-2y.ttf
A	public/static/fonts/Ac437_DTK_BIOS.ttf
A	public/static/fonts/Ac437_EagleSpCGA_Alt1-2y.ttf
A	public/static/fonts/Ac437_EagleSpCGA_Alt1.ttf
A	public/static/fonts/Ac437_EagleSpCGA_Alt2-2y.ttf
A	public/static/fonts/Ac437_EagleSpCGA_Alt2.ttf
A	public/static/fonts/Ac437_EagleSpCGA_Alt3-2y.ttf
A	public/static/fonts/Ac437_EagleSpCGA_Alt3.ttf
A	public/static/fonts/Ac437_EpsonMGA-2y.ttf
A	public/static/fonts/Ac437_EpsonMGA.ttf
A	public/static/fonts/Ac437_EpsonMGA_Alt-2y.ttf
A	public/static/fonts/Ac437_EpsonMGA_Alt.ttf
A	public/static/fonts/Ac437_EpsonMGA_Mono.ttf
A	public/static/fonts/Ac437_EuroPC_CGA-2y.ttf
A	public/static/fonts/Ac437_EuroPC_CGA.ttf
A	public/static/fonts/Ac437_EuroPC_Mono.ttf
A	public/static/fonts/Ac437_EverexME_5x8.ttf
A	public/static/fonts/Ac437_EverexME_7x8.ttf
A	public/static/fonts/Ac437_HP_150_re.ttf
A	public/static/fonts/Ac437_IBM_3270pc.ttf
A	public/static/fonts/Ac437_IBM_BIOS-2x.ttf
A	public/static/fonts/Ac437_IBM_BIOS-2y.ttf
A	public/static/fonts/Ac437_IBM_BIOS.ttf
A	public/static/fonts/Ac437_IBM_CGA-2y.ttf
A	public/static/fonts/Ac437_IBM_CGA.ttf
A	public/static/fonts/Ac437_IBM_CGAthin-2y.ttf
A	public/static/fonts/Ac437_IBM_CGAthin.ttf
A	public/static/fonts/Ac437_IBM_Conv-2x.ttf
A	public/static/fonts/Ac437_IBM_Conv-2y.ttf
A	public/static/fonts/Ac437_IBM_Conv.ttf
A	public/static/fonts/Ac437_IBM_DOS_ISO8-2x.ttf
A	public/static/fonts/Ac437_IBM_DOS_ISO8.ttf
A	public/static/fonts/Ac437_IBM_DOS_ISO9-2x.ttf
A	public/static/fonts/Ac437_IBM_DOS_ISO9.ttf
A	public/static/fonts/Ac437_IBM_EGA_8x14-2x.ttf
A	public/static/fonts/Ac437_IBM_EGA_8x14.ttf
A	public/static/fonts/Ac437_IBM_EGA_8x8-2x.ttf
A	public/static/fonts/Ac437_IBM_EGA_8x8.ttf
A	public/static/fonts/Ac437_IBM_EGA_9x14-2x.ttf
A	public/static/fonts/Ac437_IBM_EGA_9x14.ttf
A	public/static/fonts/Ac437_IBM_EGA_9x8-2x.ttf
A	public/static/fonts/Ac437_IBM_EGA_9x8.ttf
A	public/static/fonts/Ac437_IBM_MDA.ttf
A	public/static/fonts/Ac437_IBM_Model30r0-2x.ttf
A	public/static/fonts/Ac437_IBM_Model30r0.ttf
A	public/static/fonts/Ac437_IBM_Model3x_Alt1.ttf
A	public/static/fonts/Ac437_IBM_Model3x_Alt2.ttf
A	public/static/fonts/Ac437_IBM_Model3x_Alt3.ttf
A	public/static/fonts/Ac437_IBM_Model3x_Alt4.ttf
A	public/static/fonts/Ac437_IBM_PGC-2x.ttf
A	public/static/fonts/Ac437_IBM_PGC.ttf
A	public/static/fonts/Ac437_IBM_VGA_8x14-2x.ttf
A	public/static/fonts/Ac437_IBM_VGA_8x14.ttf
A	public/static/fonts/Ac437_IBM_VGA_8x16-2x.ttf
A	public/static/fonts/Ac437_IBM_VGA_8x16.ttf
A	public/static/fonts/Ac437_IBM_VGA_9x14-2x.ttf
A	public/static/fonts/Ac437_IBM_VGA_9x14.ttf
A	public/static/fonts/Ac437_IBM_VGA_9x16-2x.ttf
A	public/static/fonts/Ac437_IBM_VGA_9x16.ttf
A	public/static/fonts/Ac437_IBM_VGA_9x8-2x.ttf
A	public/static/fonts/Ac437_IBM_VGA_9x8.ttf
A	public/static/fonts/Ac437_IGS_VGA_8x16.ttf
A	public/static/fonts/Ac437_IGS_VGA_9x16.ttf
A	public/static/fonts/Ac437_ITT_Xtra-2y.ttf
A	public/static/fonts/Ac437_ITT_Xtra.ttf
A	public/static/fonts/Ac437_Kaypro2K_G-2y.ttf
A	public/static/fonts/Ac437_Kaypro2K_G.ttf
A	public/static/fonts/Ac437_LE_Model_D_CGA-2y.ttf
A	public/static/fonts/Ac437_LE_Model_D_CGA.ttf
A	public/static/fonts/Ac437_LE_Model_D_Mono.ttf
A	public/static/fonts/Ac437_MBytePC230_8x16.ttf
A	public/static/fonts/Ac437_MBytePC230_CGA-2y.ttf
A	public/static/fonts/Ac437_MBytePC230_CGA.ttf
A	public/static/fonts/Ac437_MBytePC230_EGA.ttf
A	public/static/fonts/Ac437_MBytePC230_Mono.ttf
A	public/static/fonts/Ac437_Mindset-2x.ttf
A	public/static/fonts/Ac437_Mindset-2y.ttf
A	public/static/fonts/Ac437_Mindset.ttf
A	public/static/fonts/Ac437_NEC_APC3_8x16-2x.ttf
A	public/static/fonts/Ac437_NEC_APC3_8x16.ttf
A	public/static/fonts/Ac437_NEC_APC3_8x8-2y.ttf
A	public/static/fonts/Ac437_NEC_APC3_8x8.ttf
A	public/static/fonts/Ac437_NEC_MultiSpeed-2x.ttf
A	public/static/fonts/Ac437_NEC_MultiSpeed-2x_bold.ttf
A	public/static/fonts/Ac437_NEC_MultiSpeed.ttf
A	public/static/fonts/Ac437_NEC_MultiSpeed_bold.ttf
A	public/static/fonts/Ac437_Nix8810_M15.ttf
A	public/static/fonts/Ac437_Nix8810_M16.ttf
A	public/static/fonts/Ac437_Nix8810_M35-2y.ttf
A	public/static/fonts/Ac437_Nix8810_M35.ttf
A	public/static/fonts/Ac437_OlivettiThin_8x14.ttf
A	public/static/fonts/Ac437_OlivettiThin_8x16.ttf
A	public/static/fonts/Ac437_OlivettiThin_9x14.ttf
A	public/static/fonts/Ac437_OlivettiThin_9x16.ttf
A	public/static/fonts/Ac437_Olivetti_M15-2y.ttf
A	public/static/fonts/Ac437_Olivetti_M15.ttf
A	public/static/fonts/Ac437_Paradise132_7x16.ttf
A	public/static/fonts/Ac437_Paradise132_7x9.ttf
A	public/static/fonts/Ac437_PhoenixEGA_8x14.ttf
A	public/static/fonts/Ac437_PhoenixEGA_8x16.ttf
A	public/static/fonts/Ac437_PhoenixEGA_8x8-2y.ttf
A	public/static/fonts/Ac437_PhoenixEGA_8x8.ttf
A	public/static/fonts/Ac437_PhoenixEGA_9x14.ttf
A	public/static/fonts/Ac437_PhoenixVGA_8x14.ttf
A	public/static/fonts/Ac437_PhoenixVGA_8x16.ttf
A	public/static/fonts/Ac437_PhoenixVGA_8x8.ttf
A	public/static/fonts/Ac437_PhoenixVGA_9x14.ttf
A	public/static/fonts/Ac437_PhoenixVGA_9x16.ttf
A	public/static/fonts/Ac437_PhoenixVGA_9x8.ttf
A	public/static/fonts/Ac437_Phoenix_BIOS-2y.ttf
A	public/static/fonts/Ac437_Phoenix_BIOS.ttf
A	public/static/fonts/Ac437_Rainbow100_re_132.ttf
A	public/static/fonts/Ac437_Rainbow100_re_66.ttf
A	public/static/fonts/Ac437_Robotron_A7100.ttf
A	public/static/fonts/Ac437_STB_AutoEGA_8x14.ttf
A	public/static/fonts/Ac437_STB_AutoEGA_9x14.ttf
A	public/static/fonts/Ac437_SanyoMBC16-2y.ttf
A	public/static/fonts/Ac437_SanyoMBC16.ttf
A	public/static/fonts/Ac437_SanyoMBC55x-2y.ttf
A	public/static/fonts/Ac437_SanyoMBC55x.ttf
A	public/static/fonts/Ac437_SanyoMBC775-2y.ttf
A	public/static/fonts/Ac437_SanyoMBC775.ttf
A	public/static/fonts/Ac437_SeequaCm-2y.ttf
A	public/static/fonts/Ac437_SeequaCm.ttf
A	public/static/fonts/Ac437_Siemens_PC-D.ttf
A	public/static/fonts/Ac437_Sigma_RM_8x14.ttf
A	public/static/fonts/Ac437_Sigma_RM_8x16.ttf
A	public/static/fonts/Ac437_Sigma_RM_8x8.ttf
A	public/static/fonts/Ac437_Sigma_RM_9x14.ttf
A	public/static/fonts/Ac437_Sigma_RM_9x16.ttf
A	public/static/fonts/Ac437_Sigma_RM_9x8.ttf
A	public/static/fonts/Ac437_SperryPC_8x16.ttf
A	public/static/fonts/Ac437_SperryPC_CGA-2y.ttf
A	public/static/fonts/Ac437_SperryPC_CGA.ttf
A	public/static/fonts/Ac437_Tandy1K-II_200L-2x.ttf
A	public/static/fonts/Ac437_Tandy1K-II_200L-2y.ttf
A	public/static/fonts/Ac437_Tandy1K-II_200L.ttf
A	public/static/fonts/Ac437_Tandy1K-II_Mono.ttf
A	public/static/fonts/Ac437_Tandy1K-I_200L-2x.ttf
A	public/static/fonts/Ac437_Tandy1K-I_200L-2y.ttf
A	public/static/fonts/Ac437_Tandy1K-I_200L.ttf
A	public/static/fonts/Ac437_Tandy2K-2x.ttf
A	public/static/fonts/Ac437_Tandy2K.ttf
A	public/static/fonts/Ac437_Tandy2K_G-2x.ttf
A	public/static/fonts/Ac437_Tandy2K_G-TV.ttf
A	public/static/fonts/Ac437_Tandy2K_G.ttf
A	public/static/fonts/Ac437_Ti_Pro.ttf
A	public/static/fonts/Ac437_ToshibaSat_8x14.ttf
A	public/static/fonts/Ac437_ToshibaSat_8x16.ttf
A	public/static/fonts/Ac437_ToshibaSat_8x8.ttf
A	public/static/fonts/Ac437_ToshibaSat_9x14.ttf
A	public/static/fonts/Ac437_ToshibaSat_9x16.ttf
A	public/static/fonts/Ac437_ToshibaSat_9x8.ttf
A	public/static/fonts/Ac437_ToshibaT300_8x16.ttf
A	public/static/fonts/Ac437_ToshibaT300_8x8-2y.ttf
A	public/static/fonts/Ac437_ToshibaT300_8x8.ttf
A	public/static/fonts/Ac437_ToshibaTxL1_8x16.ttf
A	public/static/fonts/Ac437_ToshibaTxL1_8x8.ttf
A	public/static/fonts/Ac437_ToshibaTxL2_8x16.ttf
A	public/static/fonts/Ac437_ToshibaTxL2_8x8.ttf
A	public/static/fonts/Ac437_TridentEarly_8x11.ttf
A	public/static/fonts/Ac437_TridentEarly_8x14.ttf
A	public/static/fonts/Ac437_TridentEarly_8x16.ttf
A	public/static/fonts/Ac437_TridentEarly_8x8.ttf
A	public/static/fonts/Ac437_TridentEarly_9x14.ttf
A	public/static/fonts/Ac437_TridentEarly_9x16.ttf
A	public/static/fonts/Ac437_TridentEarly_9x8.ttf
A	public/static/fonts/Ac437_Trident_8x11.ttf
A	public/static/fonts/Ac437_Trident_8x14.ttf
A	public/static/fonts/Ac437_Trident_8x16.ttf
A	public/static/fonts/Ac437_Trident_8x8.ttf
A	public/static/fonts/Ac437_Trident_9x14.ttf
A	public/static/fonts/Ac437_Trident_9x16.ttf
A	public/static/fonts/Ac437_Trident_9x8.ttf
A	public/static/fonts/Ac437_TsengEVA_132_6x14.ttf
A	public/static/fonts/Ac437_TsengEVA_132_6x8.ttf
A	public/static/fonts/Ac437_VTech_BIOS-2y.ttf
A	public/static/fonts/Ac437_VTech_BIOS.ttf
A	public/static/fonts/Ac437_Verite_8x14.ttf
A	public/static/fonts/Ac437_Verite_8x16.ttf
A	public/static/fonts/Ac437_Verite_8x8-2y.ttf
A	public/static/fonts/Ac437_Verite_8x8.ttf
A	public/static/fonts/Ac437_Verite_9x14.ttf
A	public/static/fonts/Ac437_Verite_9x16.ttf
A	public/static/fonts/Ac437_Verite_9x8.ttf
A	public/static/fonts/Ac437_Wyse700a-2y.ttf
A	public/static/fonts/Ac437_Wyse700a.ttf
A	public/static/fonts/Ac437_Wyse700b-2y.ttf
A	public/static/fonts/Ac437_Wyse700b.ttf
A	public/static/fonts/AcPlus_AST_PremiumExec.ttf
A	public/static/fonts/AcPlus_Amstrad_PC-2y.ttf
A	public/static/fonts/AcPlus_Amstrad_PC.ttf
A	public/static/fonts/AcPlus_Cordata_PPC-21.ttf
A	public/static/fonts/AcPlus_Cordata_PPC-400.ttf
A	public/static/fonts/AcPlus_HP_150_re.ttf
A	public/static/fonts/AcPlus_IBM_BIOS-2x.ttf
A	public/static/fonts/AcPlus_IBM_BIOS-2y.ttf
A	public/static/fonts/AcPlus_IBM_BIOS.ttf
A	public/static/fonts/AcPlus_IBM_CGA-2y.ttf
A	public/static/fonts/AcPlus_IBM_CGA.ttf
A	public/static/fonts/AcPlus_IBM_CGAthin-2y.ttf
A	public/static/fonts/AcPlus_IBM_CGAthin.ttf
A	public/static/fonts/AcPlus_IBM_EGA_8x14-2x.ttf
A	public/static/fonts/AcPlus_IBM_EGA_8x14.ttf
A	public/static/fonts/AcPlus_IBM_EGA_8x8-2x.ttf
A	public/static/fonts/AcPlus_IBM_EGA_8x8.ttf
A	public/static/fonts/AcPlus_IBM_EGA_9x14-2x.ttf
A	public/static/fonts/AcPlus_IBM_EGA_9x14.ttf
A	public/static/fonts/AcPlus_IBM_EGA_9x8-2x.ttf
A	public/static/fonts/AcPlus_IBM_EGA_9x8.ttf
A	public/static/fonts/AcPlus_IBM_MDA.ttf
A	public/static/fonts/AcPlus_IBM_VGA_8x14-2x.ttf
A	public/static/fonts/AcPlus_IBM_VGA_8x14.ttf
A	public/static/fonts/AcPlus_IBM_VGA_8x16-2x.ttf
A	public/static/fonts/AcPlus_IBM_VGA_8x16.ttf
A	public/static/fonts/AcPlus_IBM_VGA_9x14-2x.ttf
A	public/static/fonts/AcPlus_IBM_VGA_9x14.ttf
A	public/static/fonts/AcPlus_IBM_VGA_9x16-2x.ttf
A	public/static/fonts/AcPlus_IBM_VGA_9x16.ttf
A	public/static/fonts/AcPlus_IBM_VGA_9x8-2x.ttf
A	public/static/fonts/AcPlus_IBM_VGA_9x8.ttf
A	public/static/fonts/AcPlus_Rainbow100_re_132.ttf
A	public/static/fonts/AcPlus_Rainbow100_re_66.ttf
A	public/static/fonts/AcPlus_Tandy1K-II_200L-2x.ttf
A	public/static/fonts/AcPlus_Tandy1K-II_200L-2y.ttf
A	public/static/fonts/AcPlus_Tandy1K-II_200L.ttf
A	public/static/fonts/AcPlus_ToshibaSat_8x14.ttf
A	public/static/fonts/AcPlus_ToshibaSat_8x16.ttf
A	public/static/fonts/AcPlus_ToshibaSat_8x8.ttf
A	public/static/fonts/AcPlus_ToshibaSat_9x14.ttf
A	public/static/fonts/AcPlus_ToshibaSat_9x16.ttf
A	public/static/fonts/AcPlus_ToshibaSat_9x8.ttf
A	public/static/fonts/AcPlus_ToshibaTxL1_8x16.ttf
A	public/static/fonts/AcPlus_ToshibaTxL2_8x16.ttf
A	public/static/fonts/Bm437_ACM_VGA_8x14.FON
A	public/static/fonts/Bm437_ACM_VGA_8x14.otb
A	public/static/fonts/Bm437_ACM_VGA_8x16.FON
A	public/static/fonts/Bm437_ACM_VGA_8x16.otb
A	public/static/fonts/Bm437_ACM_VGA_8x8.FON
A	public/static/fonts/Bm437_ACM_VGA_8x8.otb
A	public/static/fonts/Bm437_ACM_VGA_9x14.FON
A	public/static/fonts/Bm437_ACM_VGA_9x14.otb
A	public/static/fonts/Bm437_ACM_VGA_9x16.FON
A	public/static/fonts/Bm437_ACM_VGA_9x16.otb
A	public/static/fonts/Bm437_ACM_VGA_9x8.FON
A	public/static/fonts/Bm437_ACM_VGA_9x8.otb
A	public/static/fonts/Bm437_AMI_EGA_8x14.FON
A	public/static/fonts/Bm437_AMI_EGA_8x14.otb
A	public/static/fonts/Bm437_AMI_EGA_8x8-2y.FON
A	public/static/fonts/Bm437_AMI_EGA_8x8-2y.otb
A	public/static/fonts/Bm437_AMI_EGA_8x8.FON
A	public/static/fonts/Bm437_AMI_EGA_8x8.otb
A	public/static/fonts/Bm437_AMI_EGA_9x14.FON
A	public/static/fonts/Bm437_AMI_EGA_9x14.otb
A	public/static/fonts/Bm437_AST_PremiumExec.FON
A	public/static/fonts/Bm437_AST_PremiumExec.otb
A	public/static/fonts/Bm437_ATI_8x14.FON
A	public/static/fonts/Bm437_ATI_8x14.otb
A	public/static/fonts/Bm437_ATI_8x16.FON
A	public/static/fonts/Bm437_ATI_8x16.otb
A	public/static/fonts/Bm437_ATI_8x8-2y.FON
A	public/static/fonts/Bm437_ATI_8x8-2y.otb
A	public/static/fonts/Bm437_ATI_8x8.FON
A	public/static/fonts/Bm437_ATI_8x8.otb
A	public/static/fonts/Bm437_ATI_9x14.FON
A	public/static/fonts/Bm437_ATI_9x14.otb
A	public/static/fonts/Bm437_ATI_9x16.FON
A	public/static/fonts/Bm437_ATI_9x16.otb
A	public/static/fonts/Bm437_ATI_9x8.FON
A	public/static/fonts/Bm437_ATI_9x8.otb
A	public/static/fonts/Bm437_ATI_SmallW_6x8.FON
A	public/static/fonts/Bm437_ATI_SmallW_6x8.otb
A	public/static/fonts/Bm437_ATT_PC6300-2x.FON
A	public/static/fonts/Bm437_ATT_PC6300-2x.otb
A	public/static/fonts/Bm437_ATT_PC6300.FON
A	public/static/fonts/Bm437_ATT_PC6300.otb
A	public/static/fonts/Bm437_Acer710_CGA-2y.FON
A	public/static/fonts/Bm437_Acer710_CGA-2y.otb
A	public/static/fonts/Bm437_Acer710_CGA.FON
A	public/static/fonts/Bm437_Acer710_CGA.otb
A	public/static/fonts/Bm437_Acer710_Mono.FON
A	public/static/fonts/Bm437_Acer710_Mono.otb
A	public/static/fonts/Bm437_Acer_VGA_8x8-2y.FON
A	public/static/fonts/Bm437_Acer_VGA_8x8-2y.otb
A	public/static/fonts/Bm437_Acer_VGA_8x8.FON
A	public/static/fonts/Bm437_Acer_VGA_8x8.otb
A	public/static/fonts/Bm437_Acer_VGA_9x8.FON
A	public/static/fonts/Bm437_Acer_VGA_9x8.otb
A	public/static/fonts/Bm437_Amstrad_PC-2y.FON
A	public/static/fonts/Bm437_Amstrad_PC-2y.otb
A	public/static/fonts/Bm437_Amstrad_PC.FON
A	public/static/fonts/Bm437_Amstrad_PC.otb
A	public/static/fonts/Bm437_ApricotPortable.FON
A	public/static/fonts/Bm437_ApricotPortable.otb
A	public/static/fonts/Bm437_ApricotXenC.FON
A	public/static/fonts/Bm437_ApricotXenC.otb
A	public/static/fonts/Bm437_Apricot_200L-2y.FON
A	public/static/fonts/Bm437_Apricot_200L-2y.otb
A	public/static/fonts/Bm437_Apricot_200L.FON
A	public/static/fonts/Bm437_Apricot_200L.otb
A	public/static/fonts/Bm437_Apricot_256L-2y.FON
A	public/static/fonts/Bm437_Apricot_256L-2y.otb
A	public/static/fonts/Bm437_Apricot_256L.FON
A	public/static/fonts/Bm437_Apricot_256L.otb
A	public/static/fonts/Bm437_Apricot_Mono.FON
A	public/static/fonts/Bm437_Apricot_Mono.otb
A	public/static/fonts/Bm437_CL_EagleIII_8x16.FON
A	public/static/fonts/Bm437_CL_EagleIII_8x16.otb
A	public/static/fonts/Bm437_CL_EagleIII_9x16.FON
A	public/static/fonts/Bm437_CL_EagleIII_9x16.otb
A	public/static/fonts/Bm437_CL_EagleII_8x16.FON
A	public/static/fonts/Bm437_CL_EagleII_8x16.otb
A	public/static/fonts/Bm437_CL_EagleII_9x16.FON
A	public/static/fonts/Bm437_CL_EagleII_9x16.otb
A	public/static/fonts/Bm437_CL_Stingray_8x16.FON
A	public/static/fonts/Bm437_CL_Stingray_8x16.otb
A	public/static/fonts/Bm437_CL_Stingray_8x16_bold.otb
A	public/static/fonts/Bm437_CL_Stingray_8x19.FON
A	public/static/fonts/Bm437_CL_Stingray_8x19.otb
A	public/static/fonts/Bm437_CL_Stingray_8x19_bold.otb
A	public/static/fonts/Bm437_CompaqThin_8x14.FON
A	public/static/fonts/Bm437_CompaqThin_8x14.otb
A	public/static/fonts/Bm437_CompaqThin_8x16.FON
A	public/static/fonts/Bm437_CompaqThin_8x16.otb
A	public/static/fonts/Bm437_CompaqThin_8x8.FON
A	public/static/fonts/Bm437_CompaqThin_8x8.otb
A	public/static/fonts/Bm437_Compaq_Port3-2x.FON
A	public/static/fonts/Bm437_Compaq_Port3-2x.otb
A	public/static/fonts/Bm437_Compaq_Port3.FON
A	public/static/fonts/Bm437_Compaq_Port3.otb
A	public/static/fonts/Bm437_Compis.FON
A	public/static/fonts/Bm437_Compis.otb
A	public/static/fonts/Bm437_Copam_BIOS-2y.FON
A	public/static/fonts/Bm437_Copam_BIOS-2y.otb
A	public/static/fonts/Bm437_Copam_BIOS.FON
A	public/static/fonts/Bm437_Copam_BIOS.otb
A	public/static/fonts/Bm437_Cordata_PPC-21.FON
A	public/static/fonts/Bm437_Cordata_PPC-21.otb
A	public/static/fonts/Bm437_Cordata_PPC-400.FON
A	public/static/fonts/Bm437_Cordata_PPC-400.otb
A	public/static/fonts/Bm437_DG_One-2y.FON
A	public/static/fonts/Bm437_DG_One-2y.otb
A	public/static/fonts/Bm437_DG_One-2y_bold.otb
A	public/static/fonts/Bm437_DG_One.FON
A	public/static/fonts/Bm437_DG_One.otb
A	public/static/fonts/Bm437_DG_One_bold.otb
A	public/static/fonts/Bm437_DOS-V_TWN16.FON
A	public/static/fonts/Bm437_DOS-V_TWN16.otb
A	public/static/fonts/Bm437_DOS-V_TWN19.FON
A	public/static/fonts/Bm437_DOS-V_TWN19.otb
A	public/static/fonts/Bm437_DOS-V_re_ANK16.FON
A	public/static/fonts/Bm437_DOS-V_re_ANK16.otb
A	public/static/fonts/Bm437_DOS-V_re_ANK19.FON
A	public/static/fonts/Bm437_DOS-V_re_ANK19.otb
A	public/static/fonts/Bm437_DOS-V_re_ANK24.FON
A	public/static/fonts/Bm437_DOS-V_re_ANK24.otb
A	public/static/fonts/Bm437_DOS-V_re_ANK30.FON
A	public/static/fonts/Bm437_DOS-V_re_ANK30.otb
A	public/static/fonts/Bm437_DOS-V_re_JPN12.FON
A	public/static/fonts/Bm437_DOS-V_re_JPN12.otb
A	public/static/fonts/Bm437_DOS-V_re_JPN16.FON
A	public/static/fonts/Bm437_DOS-V_re_JPN16.otb
A	public/static/fonts/Bm437_DOS-V_re_JPN19.FON
A	public/static/fonts/Bm437_DOS-V_re_JPN19.otb
A	public/static/fonts/Bm437_DOS-V_re_JPN24.FON
A	public/static/fonts/Bm437_DOS-V_re_JPN24.otb
A	public/static/fonts/Bm437_DOS-V_re_JPN30.FON
A	public/static/fonts/Bm437_DOS-V_re_JPN30.otb
A	public/static/fonts/Bm437_DOS-V_re_PRC16.FON
A	public/static/fonts/Bm437_DOS-V_re_PRC16.otb
A	public/static/fonts/Bm437_DOS-V_re_PRC19.FON
A	public/static/fonts/Bm437_DOS-V_re_PRC19.otb
A	public/static/fonts/Bm437_DTK_BIOS-2y.FON
A	public/static/fonts/Bm437_DTK_BIOS-2y.otb
A	public/static/fonts/Bm437_DTK_BIOS.FON
A	public/static/fonts/Bm437_DTK_BIOS.otb
A	public/static/fonts/Bm437_EagleSpCGA_Alt1-2y.FON
A	public/static/fonts/Bm437_EagleSpCGA_Alt1-2y.otb
A	public/static/fonts/Bm437_EagleSpCGA_Alt1.FON
A	public/static/fonts/Bm437_EagleSpCGA_Alt1.otb
A	public/static/fonts/Bm437_EagleSpCGA_Alt2-2y.FON
A	public/static/fonts/Bm437_EagleSpCGA_Alt2-2y.otb
A	public/static/fonts/Bm437_EagleSpCGA_Alt2.FON
A	public/static/fonts/Bm437_EagleSpCGA_Alt2.otb
A	public/static/fonts/Bm437_EagleSpCGA_Alt3-2y.FON
A	public/static/fonts/Bm437_EagleSpCGA_Alt3-2y.otb
A	public/static/fonts/Bm437_EagleSpCGA_Alt3.FON
A	public/static/fonts/Bm437_EagleSpCGA_Alt3.otb
A	public/static/fonts/Bm437_EpsonMGA-2y.FON
A	public/static/fonts/Bm437_EpsonMGA-2y.otb
A	public/static/fonts/Bm437_EpsonMGA.FON
A	public/static/fonts/Bm437_EpsonMGA.otb
A	public/static/fonts/Bm437_EpsonMGA_Alt-2y.FON
A	public/static/fonts/Bm437_EpsonMGA_Alt-2y.otb
A	public/static/fonts/Bm437_EpsonMGA_Alt.FON
A	public/static/fonts/Bm437_EpsonMGA_Alt.otb
A	public/static/fonts/Bm437_EpsonMGA_Mono.FON
A	public/static/fonts/Bm437_EpsonMGA_Mono.otb
A	public/static/fonts/Bm437_EuroPC_CGA-2y.FON
A	public/static/fonts/Bm437_EuroPC_CGA-2y.otb
A	public/static/fonts/Bm437_EuroPC_CGA.FON
A	public/static/fonts/Bm437_EuroPC_CGA.otb
A	public/static/fonts/Bm437_EuroPC_Mono.FON
A	public/static/fonts/Bm437_EuroPC_Mono.otb
A	public/static/fonts/Bm437_EverexME_5x8.FON
A	public/static/fonts/Bm437_EverexME_5x8.otb
A	public/static/fonts/Bm437_EverexME_7x8.FON
A	public/static/fonts/Bm437_EverexME_7x8.otb
A	public/static/fonts/Bm437_EverexME_8x16.FON
A	public/static/fonts/Bm437_EverexME_8x16.otb
A	public/static/fonts/Bm437_FMTowns_re_8x16-2x.FON
A	public/static/fonts/Bm437_FMTowns_re_8x16-2x.otb
A	public/static/fonts/Bm437_FMTowns_re_8x16.FON
A	public/static/fonts/Bm437_FMTowns_re_8x16.otb
A	public/static/fonts/Bm437_FMTowns_re_8x8.FON
A	public/static/fonts/Bm437_FMTowns_re_8x8.otb
A	public/static/fonts/Bm437_HP_100LX_10x11.FON
A	public/static/fonts/Bm437_HP_100LX_10x11.otb
A	public/static/fonts/Bm437_HP_100LX_16x12.FON
A	public/static/fonts/Bm437_HP_100LX_16x12.otb
A	public/static/fonts/Bm437_HP_100LX_6x8-2x.FON
A	public/static/fonts/Bm437_HP_100LX_6x8-2x.otb
A	public/static/fonts/Bm437_HP_100LX_6x8.FON
A	public/static/fonts/Bm437_HP_100LX_6x8.otb
A	public/static/fonts/Bm437_HP_100LX_8x8-2x.FON
A	public/static/fonts/Bm437_HP_100LX_8x8-2x.otb
A	public/static/fonts/Bm437_HP_100LX_8x8.FON
A	public/static/fonts/Bm437_HP_100LX_8x8.otb
A	public/static/fonts/Bm437_HP_150_re.FON
A	public/static/fonts/Bm437_HP_150_re.otb
A	public/static/fonts/Bm437_IBM_3270pc.FON
A	public/static/fonts/Bm437_IBM_3270pc.otb
A	public/static/fonts/Bm437_IBM_BIOS-2x.FON
A	public/static/fonts/Bm437_IBM_BIOS-2x.otb
A	public/static/fonts/Bm437_IBM_BIOS-2y.FON
A	public/static/fonts/Bm437_IBM_BIOS-2y.otb
A	public/static/fonts/Bm437_IBM_BIOS.FON
A	public/static/fonts/Bm437_IBM_BIOS.otb
A	public/static/fonts/Bm437_IBM_CGA-2y.FON
A	public/static/fonts/Bm437_IBM_CGA-2y.otb
A	public/static/fonts/Bm437_IBM_CGA.FON
A	public/static/fonts/Bm437_IBM_CGA.otb
A	public/static/fonts/Bm437_IBM_CGAthin-2y.FON
A	public/static/fonts/Bm437_IBM_CGAthin-2y.otb
A	public/static/fonts/Bm437_IBM_CGAthin.FON
A	public/static/fonts/Bm437_IBM_CGAthin.otb
A	public/static/fonts/Bm437_IBM_Conv-2x.FON
A	public/static/fonts/Bm437_IBM_Conv-2x.otb
A	public/static/fonts/Bm437_IBM_Conv-2y.FON
A	public/static/fonts/Bm437_IBM_Conv-2y.otb
A	public/static/fonts/Bm437_IBM_Conv.FON
A	public/static/fonts/Bm437_IBM_Conv.otb
A	public/static/fonts/Bm437_IBM_DOS_ISO8-2x.FON
A	public/static/fonts/Bm437_IBM_DOS_ISO8-2x.otb
A	public/static/fonts/Bm437_IBM_DOS_ISO8.FON
A	public/static/fonts/Bm437_IBM_DOS_ISO8.otb
A	public/static/fonts/Bm437_IBM_DOS_ISO9-2x.FON
A	public/static/fonts/Bm437_IBM_DOS_ISO9-2x.otb
A	public/static/fonts/Bm437_IBM_DOS_ISO9.FON
A	public/static/fonts/Bm437_IBM_DOS_ISO9.otb
A	public/static/fonts/Bm437_IBM_EGA_8x14-2x.FON
A	public/static/fonts/Bm437_IBM_EGA_8x14-2x.otb
A	public/static/fonts/Bm437_IBM_EGA_8x14.FON
A	public/static/fonts/Bm437_IBM_EGA_8x14.otb
A	public/static/fonts/Bm437_IBM_EGA_8x8-2x.FON
A	public/static/fonts/Bm437_IBM_EGA_8x8-2x.otb
A	public/static/fonts/Bm437_IBM_EGA_8x8.FON
A	public/static/fonts/Bm437_IBM_EGA_8x8.otb
A	public/static/fonts/Bm437_IBM_EGA_9x14-2x.FON
A	public/static/fonts/Bm437_IBM_EGA_9x14-2x.otb
A	public/static/fonts/Bm437_IBM_EGA_9x14.FON
A	public/static/fonts/Bm437_IBM_EGA_9x14.otb
A	public/static/fonts/Bm437_IBM_EGA_9x8-2x.FON
A	public/static/fonts/Bm437_IBM_EGA_9x8-2x.otb
A	public/static/fonts/Bm437_IBM_EGA_9x8.FON
A	public/static/fonts/Bm437_IBM_EGA_9x8.otb
A	public/static/fonts/Bm437_IBM_MDA.FON
A	public/static/fonts/Bm437_IBM_MDA.otb
A	public/static/fonts/Bm437_IBM_Model30r0-2x.FON
A	public/static/fonts/Bm437_IBM_Model30r0-2x.otb
A	public/static/fonts/Bm437_IBM_Model30r0.FON
A	public/static/fonts/Bm437_IBM_Model30r0.otb
A	public/static/fonts/Bm437_IBM_Model3x_Alt1.FON
A	public/static/fonts/Bm437_IBM_Model3x_Alt1.otb
A	public/static/fonts/Bm437_IBM_Model3x_Alt2.FON
A	public/static/fonts/Bm437_IBM_Model3x_Alt2.otb
A	public/static/fonts/Bm437_IBM_Model3x_Alt3.FON
A	public/static/fonts/Bm437_IBM_Model3x_Alt3.otb
A	public/static/fonts/Bm437_IBM_Model3x_Alt4.FON
A	public/static/fonts/Bm437_IBM_Model3x_Alt4.otb
A	public/static/fonts/Bm437_IBM_PGC-2x.FON
A	public/static/fonts/Bm437_IBM_PGC-2x.otb
A	public/static/fonts/Bm437_IBM_PGC.FON
A	public/static/fonts/Bm437_IBM_PGC.otb
A	public/static/fonts/Bm437_IBM_PS-55_re.FON
A	public/static/fonts/Bm437_IBM_PS-55_re.otb
A	public/static/fonts/Bm437_IBM_VGA_8x14-2x.FON
A	public/static/fonts/Bm437_IBM_VGA_8x14-2x.otb
A	public/static/fonts/Bm437_IBM_VGA_8x14.FON
A	public/static/fonts/Bm437_IBM_VGA_8x14.otb
A	public/static/fonts/Bm437_IBM_VGA_8x16-2x.FON
A	public/static/fonts/Bm437_IBM_VGA_8x16-2x.otb
A	public/static/fonts/Bm437_IBM_VGA_8x16.FON
A	public/static/fonts/Bm437_IBM_VGA_8x16.otb
A	public/static/fonts/Bm437_IBM_VGA_9x14-2x.FON
A	public/static/fonts/Bm437_IBM_VGA_9x14-2x.otb
A	public/static/fonts/Bm437_IBM_VGA_9x14.FON
A	public/static/fonts/Bm437_IBM_VGA_9x14.otb
A	public/static/fonts/Bm437_IBM_VGA_9x16-2x.FON
A	public/static/fonts/Bm437_IBM_VGA_9x16-2x.otb
A	public/static/fonts/Bm437_IBM_VGA_9x16.FON
A	public/static/fonts/Bm437_IBM_VGA_9x16.otb
A	public/static/fonts/Bm437_IBM_VGA_9x8-2x.FON
A	public/static/fonts/Bm437_IBM_VGA_9x8-2x.otb
A	public/static/fonts/Bm437_IBM_VGA_9x8.FON
A	public/static/fonts/Bm437_IBM_VGA_9x8.otb
A	public/static/fonts/Bm437_IBM_XGA-AI_12x20.FON
A	public/static/fonts/Bm437_IBM_XGA-AI_12x20.otb
A	public/static/fonts/Bm437_IBM_XGA-AI_12x23.FON
A	public/static/fonts/Bm437_IBM_XGA-AI_12x23.otb
A	public/static/fonts/Bm437_IBM_XGA-AI_7x15.FON
A	public/static/fonts/Bm437_IBM_XGA-AI_7x15.otb
A	public/static/fonts/Bm437_IGS_VGA_8x16.FON
A	public/static/fonts/Bm437_IGS_VGA_8x16.otb
A	public/static/fonts/Bm437_IGS_VGA_9x16.FON
A	public/static/fonts/Bm437_IGS_VGA_9x16.otb
A	public/static/fonts/Bm437_ITT_Xtra-2y.FON
A	public/static/fonts/Bm437_ITT_Xtra-2y.otb
A	public/static/fonts/Bm437_ITT_Xtra.FON
A	public/static/fonts/Bm437_ITT_Xtra.otb
A	public/static/fonts/Bm437_Kaypro2K_G-2y.FON
A	public/static/fonts/Bm437_Kaypro2K_G-2y.otb
A	public/static/fonts/Bm437_Kaypro2K_G.FON
A	public/static/fonts/Bm437_Kaypro2K_G.otb
A	public/static/fonts/Bm437_LE_Model_D_CGA-2y.FON
A	public/static/fonts/Bm437_LE_Model_D_CGA-2y.otb
A	public/static/fonts/Bm437_LE_Model_D_CGA.FON
A	public/static/fonts/Bm437_LE_Model_D_CGA.otb
A	public/static/fonts/Bm437_LE_Model_D_Mono.FON
A	public/static/fonts/Bm437_LE_Model_D_Mono.otb
A	public/static/fonts/Bm437_MBytePC230_8x16.FON
A	public/static/fonts/Bm437_MBytePC230_8x16.otb
A	public/static/fonts/Bm437_MBytePC230_CGA-2y.FON
A	public/static/fonts/Bm437_MBytePC230_CGA-2y.otb
A	public/static/fonts/Bm437_MBytePC230_CGA.FON
A	public/static/fonts/Bm437_MBytePC230_CGA.otb
A	public/static/fonts/Bm437_MBytePC230_EGA.FON
A	public/static/fonts/Bm437_MBytePC230_EGA.otb
A	public/static/fonts/Bm437_MBytePC230_Mono.FON
A	public/static/fonts/Bm437_MBytePC230_Mono.otb
A	public/static/fonts/Bm437_Master_512-2y.FON
A	public/static/fonts/Bm437_Master_512-2y.otb
A	public/static/fonts/Bm437_Master_512-2y_bold.otb
A	public/static/fonts/Bm437_Master_512-M7.FON
A	public/static/fonts/Bm437_Master_512-M7.otb
A	public/static/fonts/Bm437_Master_512-M7_bold.otb
A	public/static/fonts/Bm437_Master_512.FON
A	public/static/fonts/Bm437_Master_512.otb
A	public/static/fonts/Bm437_Master_512_bold.otb
A	public/static/fonts/Bm437_Mindset-2x.FON
A	public/static/fonts/Bm437_Mindset-2x.otb
A	public/static/fonts/Bm437_Mindset-2y.FON
A	public/static/fonts/Bm437_Mindset-2y.otb
A	public/static/fonts/Bm437_Mindset.FON
A	public/static/fonts/Bm437_Mindset.otb
A	public/static/fonts/Bm437_NEC_APC3_8x16-2x.FON
A	public/static/fonts/Bm437_NEC_APC3_8x16-2x.otb
A	public/static/fonts/Bm437_NEC_APC3_8x16.FON
A	public/static/fonts/Bm437_NEC_APC3_8x16.otb
A	public/static/fonts/Bm437_NEC_APC3_8x8-2y.FON
A	public/static/fonts/Bm437_NEC_APC3_8x8-2y.otb
A	public/static/fonts/Bm437_NEC_APC3_8x8.FON
A	public/static/fonts/Bm437_NEC_APC3_8x8.otb
A	public/static/fonts/Bm437_NEC_MultiSpeed-2x.FON
A	public/static/fonts/Bm437_NEC_MultiSpeed-2x.otb
A	public/static/fonts/Bm437_NEC_MultiSpeed-2x_bold.otb
A	public/static/fonts/Bm437_NEC_MultiSpeed.FON
A	public/static/fonts/Bm437_NEC_MultiSpeed.otb
A	public/static/fonts/Bm437_NEC_MultiSpeed_bold.otb
A	public/static/fonts/Bm437_Nix8810_M15.FON
A	public/static/fonts/Bm437_Nix8810_M15.otb
A	public/static/fonts/Bm437_Nix8810_M16.FON
A	public/static/fonts/Bm437_Nix8810_M16.otb
A	public/static/fonts/Bm437_Nix8810_M35-2y.FON
A	public/static/fonts/Bm437_Nix8810_M35-2y.otb
A	public/static/fonts/Bm437_Nix8810_M35.FON
A	public/static/fonts/Bm437_Nix8810_M35.otb
A	public/static/fonts/Bm437_OlivettiThin_8x14.FON
A	public/static/fonts/Bm437_OlivettiThin_8x14.otb
A	public/static/fonts/Bm437_OlivettiThin_8x16.FON
A	public/static/fonts/Bm437_OlivettiThin_8x16.otb
A	public/static/fonts/Bm437_OlivettiThin_9x14.FON
A	public/static/fonts/Bm437_OlivettiThin_9x14.otb
A	public/static/fonts/Bm437_OlivettiThin_9x16.FON
A	public/static/fonts/Bm437_OlivettiThin_9x16.otb
A	public/static/fonts/Bm437_Olivetti_M15-2y.FON
A	public/static/fonts/Bm437_Olivetti_M15-2y.otb
A	public/static/fonts/Bm437_Olivetti_M15.FON
A	public/static/fonts/Bm437_Olivetti_M15.otb
A	public/static/fonts/Bm437_Paradise132_7x16.FON
A	public/static/fonts/Bm437_Paradise132_7x16.otb
A	public/static/fonts/Bm437_Paradise132_7x9.FON
A	public/static/fonts/Bm437_Paradise132_7x9.otb
A	public/static/fonts/Bm437_Philips_YES_G-2x.FON
A	public/static/fonts/Bm437_Philips_YES_G-2x.otb
A	public/static/fonts/Bm437_Philips_YES_G-2y.FON
A	public/static/fonts/Bm437_Philips_YES_G-2y.otb
A	public/static/fonts/Bm437_Philips_YES_G.FON
A	public/static/fonts/Bm437_Philips_YES_G.otb
A	public/static/fonts/Bm437_Philips_YES_T-2y.FON
A	public/static/fonts/Bm437_Philips_YES_T-2y.otb
A	public/static/fonts/Bm437_Philips_YES_T.FON
A	public/static/fonts/Bm437_Philips_YES_T.otb
A	public/static/fonts/Bm437_PhoenixEGA_8x14.FON
A	public/static/fonts/Bm437_PhoenixEGA_8x14.otb
A	public/static/fonts/Bm437_PhoenixEGA_8x16.FON
A	public/static/fonts/Bm437_PhoenixEGA_8x16.otb
A	public/static/fonts/Bm437_PhoenixEGA_8x8-2y.FON
A	public/static/fonts/Bm437_PhoenixEGA_8x8-2y.otb
A	public/static/fonts/Bm437_PhoenixEGA_8x8.FON
A	public/static/fonts/Bm437_PhoenixEGA_8x8.otb
A	public/static/fonts/Bm437_PhoenixEGA_9x14.FON
A	public/static/fonts/Bm437_PhoenixEGA_9x14.otb
A	public/static/fonts/Bm437_PhoenixVGA_8x14.FON
A	public/static/fonts/Bm437_PhoenixVGA_8x14.otb
A	public/static/fonts/Bm437_PhoenixVGA_8x16.FON
A	public/static/fonts/Bm437_PhoenixVGA_8x16.otb
A	public/static/fonts/Bm437_PhoenixVGA_8x8.FON
A	public/static/fonts/Bm437_PhoenixVGA_8x8.otb
A	public/static/fonts/Bm437_PhoenixVGA_9x14.FON
A	public/static/fonts/Bm437_PhoenixVGA_9x14.otb
A	public/static/fonts/Bm437_PhoenixVGA_9x16.FON
A	public/static/fonts/Bm437_PhoenixVGA_9x16.otb
A	public/static/fonts/Bm437_PhoenixVGA_9x8.FON
A	public/static/fonts/Bm437_PhoenixVGA_9x8.otb
A	public/static/fonts/Bm437_Phoenix_BIOS-2y.FON
A	public/static/fonts/Bm437_Phoenix_BIOS-2y.otb
A	public/static/fonts/Bm437_Phoenix_BIOS.FON
A	public/static/fonts/Bm437_Phoenix_BIOS.otb
A	public/static/fonts/Bm437_Portfolio_6x8.FON
A	public/static/fonts/Bm437_Portfolio_6x8.otb
A	public/static/fonts/Bm437_RM_Nimbus-2y.FON
A	public/static/fonts/Bm437_RM_Nimbus-2y.otb
A	public/static/fonts/Bm437_RM_Nimbus.FON
A	public/static/fonts/Bm437_RM_Nimbus.otb
A	public/static/fonts/Bm437_Rainbow100_re_132.FON
A	public/static/fonts/Bm437_Rainbow100_re_132.otb
A	public/static/fonts/Bm437_Rainbow100_re_40.FON
A	public/static/fonts/Bm437_Rainbow100_re_40.otb
A	public/static/fonts/Bm437_Rainbow100_re_66.FON
A	public/static/fonts/Bm437_Rainbow100_re_66.otb
A	public/static/fonts/Bm437_Rainbow100_re_80.FON
A	public/static/fonts/Bm437_Rainbow100_re_80.otb
A	public/static/fonts/Bm437_Robotron_A7100.FON
A	public/static/fonts/Bm437_Robotron_A7100.otb
A	public/static/fonts/Bm437_STB_AutoEGA_8x14.FON
A	public/static/fonts/Bm437_STB_AutoEGA_8x14.otb
A	public/static/fonts/Bm437_STB_AutoEGA_9x14.FON
A	public/static/fonts/Bm437_STB_AutoEGA_9x14.otb
A	public/static/fonts/Bm437_SanyoMBC16-2y.FON
A	public/static/fonts/Bm437_SanyoMBC16-2y.otb
A	public/static/fonts/Bm437_SanyoMBC16.FON
A	public/static/fonts/Bm437_SanyoMBC16.otb
A	public/static/fonts/Bm437_SanyoMBC55x-2y.FON
A	public/static/fonts/Bm437_SanyoMBC55x-2y.otb
A	public/static/fonts/Bm437_SanyoMBC55x.FON
A	public/static/fonts/Bm437_SanyoMBC55x.otb
A	public/static/fonts/Bm437_SanyoMBC775-2y.FON
A	public/static/fonts/Bm437_SanyoMBC775-2y.otb
A	public/static/fonts/Bm437_SanyoMBC775.FON
A	public/static/fonts/Bm437_SanyoMBC775.otb
A	public/static/fonts/Bm437_SeequaCm-2y.FON
A	public/static/fonts/Bm437_SeequaCm-2y.otb
A	public/static/fonts/Bm437_SeequaCm.FON
A	public/static/fonts/Bm437_SeequaCm.otb
A	public/static/fonts/Bm437_Sharp_PC3K-2x.FON
A	public/static/fonts/Bm437_Sharp_PC3K-2x.otb
A	public/static/fonts/Bm437_Sharp_PC3K.FON
A	public/static/fonts/Bm437_Sharp_PC3K.otb
A	public/static/fonts/Bm437_Sharp_PC3K_Alt-2x.FON
A	public/static/fonts/Bm437_Sharp_PC3K_Alt-2x.otb
A	public/static/fonts/Bm437_Sharp_PC3K_Alt.FON
A	public/static/fonts/Bm437_Sharp_PC3K_Alt.otb
A	public/static/fonts/Bm437_Siemens_PC-D.FON
A	public/static/fonts/Bm437_Siemens_PC-D.otb
A	public/static/fonts/Bm437_Sigma_RM_8x14.FON
A	public/static/fonts/Bm437_Sigma_RM_8x14.otb
A	public/static/fonts/Bm437_Sigma_RM_8x16.FON
A	public/static/fonts/Bm437_Sigma_RM_8x16.otb
A	public/static/fonts/Bm437_Sigma_RM_8x8.FON
A	public/static/fonts/Bm437_Sigma_RM_8x8.otb
A	public/static/fonts/Bm437_Sigma_RM_9x14.FON
A	public/static/fonts/Bm437_Sigma_RM_9x14.otb
A	public/static/fonts/Bm437_Sigma_RM_9x16.FON
A	public/static/fonts/Bm437_Sigma_RM_9x16.otb
A	public/static/fonts/Bm437_Sigma_RM_9x8.FON
A	public/static/fonts/Bm437_Sigma_RM_9x8.otb
A	public/static/fonts/Bm437_SperryPC_8x16.FON
A	public/static/fonts/Bm437_SperryPC_8x16.otb
A	public/static/fonts/Bm437_SperryPC_CGA-2y.FON
A	public/static/fonts/Bm437_SperryPC_CGA-2y.otb
A	public/static/fonts/Bm437_SperryPC_CGA.FON
A	public/static/fonts/Bm437_SperryPC_CGA.otb
A	public/static/fonts/Bm437_TI_Pro.FON
A	public/static/fonts/Bm437_Tandy1K-II_200L-2x.FON
A	public/static/fonts/Bm437_Tandy1K-II_200L-2x.otb
A	public/static/fonts/Bm437_Tandy1K-II_200L-2y.FON
A	public/static/fonts/Bm437_Tandy1K-II_200L-2y.otb
A	public/static/fonts/Bm437_Tandy1K-II_200L.FON
A	public/static/fonts/Bm437_Tandy1K-II_200L.otb
A	public/static/fonts/Bm437_Tandy1K-II_225L-2y.FON
A	public/static/fonts/Bm437_Tandy1K-II_225L-2y.otb
A	public/static/fonts/Bm437_Tandy1K-II_225L.FON
A	public/static/fonts/Bm437_Tandy1K-II_225L.otb
A	public/static/fonts/Bm437_Tandy1K-II_Mono.FON
A	public/static/fonts/Bm437_Tandy1K-II_Mono.otb
A	public/static/fonts/Bm437_Tandy1K-I_200L-2x.FON
A	public/static/fonts/Bm437_Tandy1K-I_200L-2x.otb
A	public/static/fonts/Bm437_Tandy1K-I_200L-2y.FON
A	public/static/fonts/Bm437_Tandy1K-I_200L-2y.otb
A	public/static/fonts/Bm437_Tandy1K-I_200L.FON
A	public/static/fonts/Bm437_Tandy1K-I_200L.otb
A	public/static/fonts/Bm437_Tandy1K-I_225L-2y.FON
A	public/static/fonts/Bm437_Tandy1K-I_225L-2y.otb
A	public/static/fonts/Bm437_Tandy1K-I_225L.FON
A	public/static/fonts/Bm437_Tandy1K-I_225L.otb
A	public/static/fonts/Bm437_Tandy2K-2x.FON
A	public/static/fonts/Bm437_Tandy2K-2x.otb
A	public/static/fonts/Bm437_Tandy2K.FON
A	public/static/fonts/Bm437_Tandy2K.otb
A	public/static/fonts/Bm437_Tandy2K_G-2x.FON
A	public/static/fonts/Bm437_Tandy2K_G-2x.otb
A	public/static/fonts/Bm437_Tandy2K_G-TV.FON
A	public/static/fonts/Bm437_Tandy2K_G-TV.otb
A	public/static/fonts/Bm437_Tandy2K_G.FON
A	public/static/fonts/Bm437_Tandy2K_G.otb
A	public/static/fonts/Bm437_TelePC-2y.FON
A	public/static/fonts/Bm437_TelePC-2y.otb
A	public/static/fonts/Bm437_TelePC.FON
A	public/static/fonts/Bm437_TelePC.otb
A	public/static/fonts/Bm437_Ti_Pro.otb
A	public/static/fonts/Bm437_ToshibaSat_8x14.FON
A	public/static/fonts/Bm437_ToshibaSat_8x14.otb
A	public/static/fonts/Bm437_ToshibaSat_8x16.FON
A	public/static/fonts/Bm437_ToshibaSat_8x16.otb
A	public/static/fonts/Bm437_ToshibaSat_8x8.FON
A	public/static/fonts/Bm437_ToshibaSat_8x8.otb
A	public/static/fonts/Bm437_ToshibaSat_9x14.FON
A	public/static/fonts/Bm437_ToshibaSat_9x14.otb
A	public/static/fonts/Bm437_ToshibaSat_9x16.FON
A	public/static/fonts/Bm437_ToshibaSat_9x16.otb
A	public/static/fonts/Bm437_ToshibaSat_9x8.FON
A	public/static/fonts/Bm437_ToshibaSat_9x8.otb
A	public/static/fonts/Bm437_ToshibaT300_8x16.FON
A	public/static/fonts/Bm437_ToshibaT300_8x16.otb
A	public/static/fonts/Bm437_ToshibaT300_8x8-2y.FON
A	public/static/fonts/Bm437_ToshibaT300_8x8-2y.otb
A	public/static/fonts/Bm437_ToshibaT300_8x8.FON
A	public/static/fonts/Bm437_ToshibaT300_8x8.otb
A	public/static/fonts/Bm437_ToshibaTxL1_8x16.FON
A	public/static/fonts/Bm437_ToshibaTxL1_8x16.otb
A	public/static/fonts/Bm437_ToshibaTxL1_8x8.FON
A	public/static/fonts/Bm437_ToshibaTxL1_8x8.otb
A	public/static/fonts/Bm437_ToshibaTxL2_8x16.FON
A	public/static/fonts/Bm437_ToshibaTxL2_8x16.otb
A	public/static/fonts/Bm437_ToshibaTxL2_8x8.FON
A	public/static/fonts/Bm437_ToshibaTxL2_8x8.otb
A	public/static/fonts/Bm437_TridentEarly_8x11.FON
A	public/static/fonts/Bm437_TridentEarly_8x11.otb
A	public/static/fonts/Bm437_TridentEarly_8x14.FON
A	public/static/fonts/Bm437_TridentEarly_8x14.otb
A	public/static/fonts/Bm437_TridentEarly_8x16.FON
A	public/static/fonts/Bm437_TridentEarly_8x16.otb
A	public/static/fonts/Bm437_TridentEarly_8x8.FON
A	public/static/fonts/Bm437_TridentEarly_8x8.otb
A	public/static/fonts/Bm437_TridentEarly_9x14.FON
A	public/static/fonts/Bm437_TridentEarly_9x14.otb
A	public/static/fonts/Bm437_TridentEarly_9x16.FON
A	public/static/fonts/Bm437_TridentEarly_9x16.otb
A	public/static/fonts/Bm437_TridentEarly_9x8.FON
A	public/static/fonts/Bm437_TridentEarly_9x8.otb
A	public/static/fonts/Bm437_Trident_8x11.FON
A	public/static/fonts/Bm437_Trident_8x11.otb
A	public/static/fonts/Bm437_Trident_8x14.FON
A	public/static/fonts/Bm437_Trident_8x14.otb
A	public/static/fonts/Bm437_Trident_8x16.FON
A	public/static/fonts/Bm437_Trident_8x16.otb
A	public/static/fonts/Bm437_Trident_8x8.FON
A	public/static/fonts/Bm437_Trident_8x8.otb
A	public/static/fonts/Bm437_Trident_9x14.FON
A	public/static/fonts/Bm437_Trident_9x14.otb
A	public/static/fonts/Bm437_Trident_9x16.FON
A	public/static/fonts/Bm437_Trident_9x16.otb
A	public/static/fonts/Bm437_Trident_9x8.FON
A	public/static/fonts/Bm437_Trident_9x8.otb
A	public/static/fonts/Bm437_TsengEVA_132_6x14.FON
A	public/static/fonts/Bm437_TsengEVA_132_6x14.otb
A	public/static/fonts/Bm437_TsengEVA_132_6x8.FON
A	public/static/fonts/Bm437_TsengEVA_132_6x8.otb
A	public/static/fonts/Bm437_VTech_BIOS-2y.FON
A	public/static/fonts/Bm437_VTech_BIOS-2y.otb
A	public/static/fonts/Bm437_VTech_BIOS.FON
A	public/static/fonts/Bm437_VTech_BIOS.otb
A	public/static/fonts/Bm437_Verite_8x14.FON
A	public/static/fonts/Bm437_Verite_8x14.otb
A	public/static/fonts/Bm437_Verite_8x16.FON
A	public/static/fonts/Bm437_Verite_8x16.otb
A	public/static/fonts/Bm437_Verite_8x8-2y.FON
A	public/static/fonts/Bm437_Verite_8x8-2y.otb
A	public/static/fonts/Bm437_Verite_8x8.FON
A	public/static/fonts/Bm437_Verite_8x8.otb
A	public/static/fonts/Bm437_Verite_9x14.FON
A	public/static/fonts/Bm437_Verite_9x14.otb
A	public/static/fonts/Bm437_Verite_9x16.FON
A	public/static/fonts/Bm437_Verite_9x16.otb
A	public/static/fonts/Bm437_Verite_9x8.FON
A	public/static/fonts/Bm437_Verite_9x8.otb
A	public/static/fonts/Bm437_Wang_Pro_Color-2y.FON
A	public/static/fonts/Bm437_Wang_Pro_Color-2y.otb
A	public/static/fonts/Bm437_Wang_Pro_Color.FON
A	public/static/fonts/Bm437_Wang_Pro_Color.otb
A	public/static/fonts/Bm437_Wang_Pro_Mono.FON
A	public/static/fonts/Bm437_Wang_Pro_Mono.otb
A	public/static/fonts/Bm437_Wyse700a-2y.FON
A	public/static/fonts/Bm437_Wyse700a-2y.otb
A	public/static/fonts/Bm437_Wyse700a.FON
A	public/static/fonts/Bm437_Wyse700a.otb
A	public/static/fonts/Bm437_Wyse700b-2y.FON
A	public/static/fonts/Bm437_Wyse700b-2y.otb
A	public/static/fonts/Bm437_Wyse700b.FON
A	public/static/fonts/Bm437_Wyse700b.otb
A	public/static/fonts/Bm437_Zenith_Z-100.FON
A	public/static/fonts/Bm437_Zenith_Z-100.otb
A	public/static/fonts/Bm437_Zenith_Z-100_Alt.FON
A	public/static/fonts/Bm437_Zenith_Z-100_Alt.otb
A	public/static/fonts/BmPlus_AST_PremiumExec.otb
A	public/static/fonts/BmPlus_Amstrad_PC-2y.otb
A	public/static/fonts/BmPlus_Amstrad_PC.otb
A	public/static/fonts/BmPlus_Cordata_PPC-21.otb
A	public/static/fonts/BmPlus_Cordata_PPC-400.otb
A	public/static/fonts/BmPlus_HP_100LX_10x11.otb
A	public/static/fonts/BmPlus_HP_100LX_16x12.otb
A	public/static/fonts/BmPlus_HP_100LX_6x8-2x.otb
A	public/static/fonts/BmPlus_HP_100LX_6x8.otb
A	public/static/fonts/BmPlus_HP_100LX_8x8-2x.otb
A	public/static/fonts/BmPlus_HP_100LX_8x8.otb
A	public/static/fonts/BmPlus_HP_150_re.otb
A	public/static/fonts/BmPlus_IBM_BIOS-2x.otb
A	public/static/fonts/BmPlus_IBM_BIOS-2y.otb
A	public/static/fonts/BmPlus_IBM_BIOS.otb
A	public/static/fonts/BmPlus_IBM_CGA-2y.otb
A	public/static/fonts/BmPlus_IBM_CGA.otb
A	public/static/fonts/BmPlus_IBM_CGAthin-2y.otb
A	public/static/fonts/BmPlus_IBM_CGAthin.otb
A	public/static/fonts/BmPlus_IBM_EGA_8x14-2x.otb
A	public/static/fonts/BmPlus_IBM_EGA_8x14.otb
A	public/static/fonts/BmPlus_IBM_EGA_8x8-2x.otb
A	public/static/fonts/BmPlus_IBM_EGA_8x8.otb
A	public/static/fonts/BmPlus_IBM_EGA_9x14-2x.otb
A	public/static/fonts/BmPlus_IBM_EGA_9x14.otb
A	public/static/fonts/BmPlus_IBM_EGA_9x8-2x.otb
A	public/static/fonts/BmPlus_IBM_EGA_9x8.otb
A	public/static/fonts/BmPlus_IBM_MDA.otb
A	public/static/fonts/BmPlus_IBM_VGA_8x14-2x.otb
A	public/static/fonts/BmPlus_IBM_VGA_8x14.otb
A	public/static/fonts/BmPlus_IBM_VGA_8x16-2x.otb
A	public/static/fonts/BmPlus_IBM_VGA_8x16.otb
A	public/static/fonts/BmPlus_IBM_VGA_9x14-2x.otb
A	public/static/fonts/BmPlus_IBM_VGA_9x14.otb
A	public/static/fonts/BmPlus_IBM_VGA_9x16-2x.otb
A	public/static/fonts/BmPlus_IBM_VGA_9x16.otb
A	public/static/fonts/BmPlus_IBM_VGA_9x8-2x.otb
A	public/static/fonts/BmPlus_IBM_VGA_9x8.otb
A	public/static/fonts/BmPlus_IBM_XGA-AI_12x20.otb
A	public/static/fonts/BmPlus_Rainbow100_re_132.otb
A	public/static/fonts/BmPlus_Rainbow100_re_40.otb
A	public/static/fonts/BmPlus_Rainbow100_re_66.otb
A	public/static/fonts/BmPlus_Rainbow100_re_80.otb
A	public/static/fonts/BmPlus_Tandy1K-II_200L-2x.otb
A	public/static/fonts/BmPlus_Tandy1K-II_200L-2y.otb
A	public/static/fonts/BmPlus_Tandy1K-II_200L.otb
A	public/static/fonts/BmPlus_Tandy1K-II_225L-2y.otb
A	public/static/fonts/BmPlus_Tandy1K-II_225L.otb
A	public/static/fonts/BmPlus_ToshibaSat_8x14.otb
A	public/static/fonts/BmPlus_ToshibaSat_8x16.otb
A	public/static/fonts/BmPlus_ToshibaSat_8x8.otb
A	public/static/fonts/BmPlus_ToshibaSat_9x14.otb
A	public/static/fonts/BmPlus_ToshibaSat_9x16.otb
A	public/static/fonts/BmPlus_ToshibaSat_9x8.otb
A	public/static/fonts/BmPlus_ToshibaTxL1_8x16.otb
A	public/static/fonts/BmPlus_ToshibaTxL2_8x16.otb
A	public/static/fonts/DeliciousHandrawn-Regular.ttf
A	public/static/fonts/MarioWorldPixelColor-3zBwX.ttf
A	public/static/fonts/Mx437_ACM_VGA_8x14.ttf
A	public/static/fonts/Mx437_ACM_VGA_8x16.ttf
A	public/static/fonts/Mx437_ACM_VGA_8x8.ttf
A	public/static/fonts/Mx437_ACM_VGA_9x14.ttf
A	public/static/fonts/Mx437_ACM_VGA_9x16.ttf
A	public/static/fonts/Mx437_ACM_VGA_9x8.ttf
A	public/static/fonts/Mx437_AMI_EGA_8x14.ttf
A	public/static/fonts/Mx437_AMI_EGA_8x8-2y.ttf
A	public/static/fonts/Mx437_AMI_EGA_8x8.ttf
A	public/static/fonts/Mx437_AMI_EGA_9x14.ttf
A	public/static/fonts/Mx437_AST_PremiumExec.ttf
A	public/static/fonts/Mx437_ATI_8x14.ttf
A	public/static/fonts/Mx437_ATI_8x16.ttf
A	public/static/fonts/Mx437_ATI_8x8-2y.ttf
A	public/static/fonts/Mx437_ATI_8x8.ttf
A	public/static/fonts/Mx437_ATI_9x14.ttf
A	public/static/fonts/Mx437_ATI_9x16.ttf
A	public/static/fonts/Mx437_ATI_9x8.ttf
A	public/static/fonts/Mx437_ATI_SmallW_6x8.ttf
A	public/static/fonts/Mx437_ATT_PC6300-2x.ttf
A	public/static/fonts/Mx437_ATT_PC6300.ttf
A	public/static/fonts/Mx437_Acer710_CGA-2y.ttf
A	public/static/fonts/Mx437_Acer710_CGA.ttf
A	public/static/fonts/Mx437_Acer710_Mono.ttf
A	public/static/fonts/Mx437_Acer_VGA_8x8-2y.ttf
A	public/static/fonts/Mx437_Acer_VGA_8x8.ttf
A	public/static/fonts/Mx437_Acer_VGA_9x8.ttf
A	public/static/fonts/Mx437_Amstrad_PC-2y.ttf
A	public/static/fonts/Mx437_Amstrad_PC.ttf
A	public/static/fonts/Mx437_ApricotPortable.ttf
A	public/static/fonts/Mx437_ApricotXenC.ttf
A	public/static/fonts/Mx437_Apricot_200L-2y.ttf
A	public/static/fonts/Mx437_Apricot_200L.ttf
A	public/static/fonts/Mx437_Apricot_256L-2y.ttf
A	public/static/fonts/Mx437_Apricot_256L.ttf
A	public/static/fonts/Mx437_Apricot_Mono.ttf
A	public/static/fonts/Mx437_CL_EagleIII_8x16.ttf
A	public/static/fonts/Mx437_CL_EagleIII_9x16.ttf
A	public/static/fonts/Mx437_CL_EagleII_8x16.ttf
A	public/static/fonts/Mx437_CL_EagleII_9x16.ttf
A	public/static/fonts/Mx437_CL_Stingray_8x16.ttf
A	public/static/fonts/Mx437_CL_Stingray_8x16_bold.ttf
A	public/static/fonts/Mx437_CL_Stingray_8x19.ttf
A	public/static/fonts/Mx437_CL_Stingray_8x19_bold.ttf
A	public/static/fonts/Mx437_CompaqThin_8x14.ttf
A	public/static/fonts/Mx437_CompaqThin_8x16.ttf
A	public/static/fonts/Mx437_CompaqThin_8x8.ttf
A	public/static/fonts/Mx437_Compaq_Port3-2x.ttf
A	public/static/fonts/Mx437_Compaq_Port3.ttf
A	public/static/fonts/Mx437_Compis.ttf
A	public/static/fonts/Mx437_Copam_BIOS-2y.ttf
A	public/static/fonts/Mx437_Copam_BIOS.ttf
A	public/static/fonts/Mx437_Cordata_PPC-21.ttf
A	public/static/fonts/Mx437_Cordata_PPC-400.ttf
A	public/static/fonts/Mx437_DG_One-2y.ttf
A	public/static/fonts/Mx437_DG_One-2y_bold.ttf
A	public/static/fonts/Mx437_DG_One.ttf
A	public/static/fonts/Mx437_DG_One_bold.ttf
A	public/static/fonts/Mx437_DOS-V_TWN16.ttf
A	public/static/fonts/Mx437_DOS-V_TWN19.ttf
A	public/static/fonts/Mx437_DOS-V_re_ANK16.ttf
A	public/static/fonts/Mx437_DOS-V_re_ANK19.ttf
A	public/static/fonts/Mx437_DOS-V_re_ANK24.ttf
A	public/static/fonts/Mx437_DOS-V_re_ANK30.ttf
A	public/static/fonts/Mx437_DOS-V_re_JPN12.ttf
A	public/static/fonts/Mx437_DOS-V_re_JPN16.ttf
A	public/static/fonts/Mx437_DOS-V_re_JPN19.ttf
A	public/static/fonts/Mx437_DOS-V_re_JPN24.ttf
A	public/static/fonts/Mx437_DOS-V_re_JPN30.ttf
A	public/static/fonts/Mx437_DOS-V_re_PRC16.ttf
A	public/static/fonts/Mx437_DOS-V_re_PRC19.ttf
A	public/static/fonts/Mx437_DTK_BIOS-2y.ttf
A	public/static/fonts/Mx437_DTK_BIOS.ttf
A	public/static/fonts/Mx437_EagleSpCGA_Alt1-2y.ttf
A	public/static/fonts/Mx437_EagleSpCGA_Alt1.ttf
A	public/static/fonts/Mx437_EagleSpCGA_Alt2-2y.ttf
A	public/static/fonts/Mx437_EagleSpCGA_Alt2.ttf
A	public/static/fonts/Mx437_EagleSpCGA_Alt3-2y.ttf
A	public/static/fonts/Mx437_EagleSpCGA_Alt3.ttf
A	public/static/fonts/Mx437_EpsonMGA-2y.ttf
A	public/static/fonts/Mx437_EpsonMGA.ttf
A	public/static/fonts/Mx437_EpsonMGA_Alt-2y.ttf
A	public/static/fonts/Mx437_EpsonMGA_Alt.ttf
A	public/static/fonts/Mx437_EpsonMGA_Mono.ttf
A	public/static/fonts/Mx437_EuroPC_CGA-2y.ttf
A	public/static/fonts/Mx437_EuroPC_CGA.ttf
A	public/static/fonts/Mx437_EuroPC_Mono.ttf
A	public/static/fonts/Mx437_EverexME_5x8.ttf
A	public/static/fonts/Mx437_EverexME_7x8.ttf
A	public/static/fonts/Mx437_EverexME_8x16.ttf
A	public/static/fonts/Mx437_FMTowns_re_8x16-2x.ttf
A	public/static/fonts/Mx437_FMTowns_re_8x16.ttf
A	public/static/fonts/Mx437_FMTowns_re_8x8.ttf
A	public/static/fonts/Mx437_HP_100LX_10x11.ttf
A	public/static/fonts/Mx437_HP_100LX_16x12.ttf
A	public/static/fonts/Mx437_HP_100LX_6x8-2x.ttf
A	public/static/fonts/Mx437_HP_100LX_6x8.ttf
A	public/static/fonts/Mx437_HP_100LX_8x8-2x.ttf
A	public/static/fonts/Mx437_HP_100LX_8x8.ttf
A	public/static/fonts/Mx437_HP_150_re.ttf
A	public/static/fonts/Mx437_IBM_3270pc.ttf
A	public/static/fonts/Mx437_IBM_BIOS-2x.ttf
A	public/static/fonts/Mx437_IBM_BIOS-2y.ttf
A	public/static/fonts/Mx437_IBM_BIOS.ttf
A	public/static/fonts/Mx437_IBM_CGA-2y.ttf
A	public/static/fonts/Mx437_IBM_CGA.ttf
A	public/static/fonts/Mx437_IBM_CGAthin-2y.ttf
A	public/static/fonts/Mx437_IBM_CGAthin.ttf
A	public/static/fonts/Mx437_IBM_Conv-2x.ttf
A	public/static/fonts/Mx437_IBM_Conv-2y.ttf
A	public/static/fonts/Mx437_IBM_Conv.ttf
A	public/static/fonts/Mx437_IBM_DOS_ISO8-2x.ttf
A	public/static/fonts/Mx437_IBM_DOS_ISO8.ttf
A	public/static/fonts/Mx437_IBM_DOS_ISO9-2x.ttf
A	public/static/fonts/Mx437_IBM_DOS_ISO9.ttf
A	public/static/fonts/Mx437_IBM_EGA_8x14-2x.ttf
A	public/static/fonts/Mx437_IBM_EGA_8x14.ttf
A	public/static/fonts/Mx437_IBM_EGA_8x8-2x.ttf
A	public/static/fonts/Mx437_IBM_EGA_8x8.ttf
A	public/static/fonts/Mx437_IBM_EGA_9x14-2x.ttf
A	public/static/fonts/Mx437_IBM_EGA_9x14.ttf
A	public/static/fonts/Mx437_IBM_EGA_9x8-2x.ttf
A	public/static/fonts/Mx437_IBM_EGA_9x8.ttf
A	public/static/fonts/Mx437_IBM_MDA.ttf
A	public/static/fonts/Mx437_IBM_Model30r0-2x.ttf
A	public/static/fonts/Mx437_IBM_Model30r0.ttf
A	public/static/fonts/Mx437_IBM_Model3x_Alt1.ttf
A	public/static/fonts/Mx437_IBM_Model3x_Alt2.ttf
A	public/static/fonts/Mx437_IBM_Model3x_Alt3.ttf
A	public/static/fonts/Mx437_IBM_Model3x_Alt4.ttf
A	public/static/fonts/Mx437_IBM_PGC-2x.ttf
A	public/static/fonts/Mx437_IBM_PGC.ttf
A	public/static/fonts/Mx437_IBM_PS-55_re.ttf
A	public/static/fonts/Mx437_IBM_VGA_8x14-2x.ttf
A	public/static/fonts/Mx437_IBM_VGA_8x14.ttf
A	public/static/fonts/Mx437_IBM_VGA_8x16-2x.ttf
A	public/static/fonts/Mx437_IBM_VGA_8x16.ttf
A	public/static/fonts/Mx437_IBM_VGA_9x14-2x.ttf
A	public/static/fonts/Mx437_IBM_VGA_9x14.ttf
A	public/static/fonts/Mx437_IBM_VGA_9x16-2x.ttf
A	public/static/fonts/Mx437_IBM_VGA_9x16.ttf
A	public/static/fonts/Mx437_IBM_VGA_9x8-2x.ttf
A	public/static/fonts/Mx437_IBM_VGA_9x8.ttf
A	public/static/fonts/Mx437_IBM_XGA-AI_12x20.ttf
A	public/static/fonts/Mx437_IBM_XGA-AI_12x23.ttf
A	public/static/fonts/Mx437_IBM_XGA-AI_7x15.ttf
A	public/static/fonts/Mx437_IGS_VGA_8x16.ttf
A	public/static/fonts/Mx437_IGS_VGA_9x16.ttf
A	public/static/fonts/Mx437_ITT_Xtra-2y.ttf
A	public/static/fonts/Mx437_ITT_Xtra.ttf
A	public/static/fonts/Mx437_Kaypro2K_G-2y.ttf
A	public/static/fonts/Mx437_Kaypro2K_G.ttf
A	public/static/fonts/Mx437_LE_Model_D_CGA-2y.ttf
A	public/static/fonts/Mx437_LE_Model_D_CGA.ttf
A	public/static/fonts/Mx437_LE_Model_D_Mono.ttf
A	public/static/fonts/Mx437_MBytePC230_8x16.ttf
A	public/static/fonts/Mx437_MBytePC230_CGA-2y.ttf
A	public/static/fonts/Mx437_MBytePC230_CGA.ttf
A	public/static/fonts/Mx437_MBytePC230_EGA.ttf
A	public/static/fonts/Mx437_MBytePC230_Mono.ttf
A	public/static/fonts/Mx437_Master_512-2y.ttf
A	public/static/fonts/Mx437_Master_512-2y_bold.ttf
A	public/static/fonts/Mx437_Master_512-M7.ttf
A	public/static/fonts/Mx437_Master_512-M7_bold.ttf
A	public/static/fonts/Mx437_Master_512.ttf
A	public/static/fonts/Mx437_Master_512_bold.ttf
A	public/static/fonts/Mx437_Mindset-2x.ttf
A	public/static/fonts/Mx437_Mindset-2y.ttf
A	public/static/fonts/Mx437_Mindset.ttf
A	public/static/fonts/Mx437_NEC_APC3_8x16-2x.ttf
A	public/static/fonts/Mx437_NEC_APC3_8x16.ttf
A	public/static/fonts/Mx437_NEC_APC3_8x8-2y.ttf
A	public/static/fonts/Mx437_NEC_APC3_8x8.ttf
A	public/static/fonts/Mx437_NEC_MultiSpeed-2x.ttf
A	public/static/fonts/Mx437_NEC_MultiSpeed-2x_bold.ttf
A	public/static/fonts/Mx437_NEC_MultiSpeed.ttf
A	public/static/fonts/Mx437_NEC_MultiSpeed_bold.ttf
A	public/static/fonts/Mx437_Nix8810_M15.ttf
A	public/static/fonts/Mx437_Nix8810_M16.ttf
A	public/static/fonts/Mx437_Nix8810_M35-2y.ttf
A	public/static/fonts/Mx437_Nix8810_M35.ttf
A	public/static/fonts/Mx437_OlivettiThin_8x14.ttf
A	public/static/fonts/Mx437_OlivettiThin_8x16.ttf
A	public/static/fonts/Mx437_OlivettiThin_9x14.ttf
A	public/static/fonts/Mx437_OlivettiThin_9x16.ttf
A	public/static/fonts/Mx437_Olivetti_M15-2y.ttf
A	public/static/fonts/Mx437_Olivetti_M15.ttf
A	public/static/fonts/Mx437_Paradise132_7x16.ttf
A	public/static/fonts/Mx437_Paradise132_7x9.ttf
A	public/static/fonts/Mx437_Philips_YES_G-2x.ttf
A	public/static/fonts/Mx437_Philips_YES_G-2y.ttf
A	public/static/fonts/Mx437_Philips_YES_G.ttf
A	public/static/fonts/Mx437_Philips_YES_T-2y.ttf
A	public/static/fonts/Mx437_Philips_YES_T.ttf
A	public/static/fonts/Mx437_PhoenixEGA_8x14.ttf
A	public/static/fonts/Mx437_PhoenixEGA_8x16.ttf
A	public/static/fonts/Mx437_PhoenixEGA_8x8-2y.ttf
A	public/static/fonts/Mx437_PhoenixEGA_8x8.ttf
A	public/static/fonts/Mx437_PhoenixEGA_9x14.ttf
A	public/static/fonts/Mx437_PhoenixVGA_8x14.ttf
A	public/static/fonts/Mx437_PhoenixVGA_8x16.ttf
A	public/static/fonts/Mx437_PhoenixVGA_8x8.ttf
A	public/static/fonts/Mx437_PhoenixVGA_9x14.ttf
A	public/static/fonts/Mx437_PhoenixVGA_9x16.ttf
A	public/static/fonts/Mx437_PhoenixVGA_9x8.ttf
A	public/static/fonts/Mx437_Phoenix_BIOS-2y.ttf
A	public/static/fonts/Mx437_Phoenix_BIOS.ttf
A	public/static/fonts/Mx437_Portfolio_6x8.ttf
A	public/static/fonts/Mx437_RM_Nimbus-2y.ttf
A	public/static/fonts/Mx437_RM_Nimbus.ttf
A	public/static/fonts/Mx437_Rainbow100_re_132.ttf
A	public/static/fonts/Mx437_Rainbow100_re_40.ttf
A	public/static/fonts/Mx437_Rainbow100_re_66.ttf
A	public/static/fonts/Mx437_Rainbow100_re_80.ttf
A	public/static/fonts/Mx437_Robotron_A7100.ttf
A	public/static/fonts/Mx437_STB_AutoEGA_8x14.ttf
A	public/static/fonts/Mx437_STB_AutoEGA_9x14.ttf
A	public/static/fonts/Mx437_SanyoMBC16-2y.ttf
A	public/static/fonts/Mx437_SanyoMBC16.ttf
A	public/static/fonts/Mx437_SanyoMBC55x-2y.ttf
A	public/static/fonts/Mx437_SanyoMBC55x.ttf
A	public/static/fonts/Mx437_SanyoMBC775-2y.ttf
A	public/static/fonts/Mx437_SanyoMBC775.ttf
A	public/static/fonts/Mx437_SeequaCm-2y.ttf
A	public/static/fonts/Mx437_SeequaCm.ttf
A	public/static/fonts/Mx437_Sharp_PC3K-2x.ttf
A	public/static/fonts/Mx437_Sharp_PC3K.ttf
A	public/static/fonts/Mx437_Sharp_PC3K_Alt-2x.ttf
A	public/static/fonts/Mx437_Sharp_PC3K_Alt.ttf
A	public/static/fonts/Mx437_Siemens_PC-D.ttf
A	public/static/fonts/Mx437_Sigma_RM_8x14.ttf
A	public/static/fonts/Mx437_Sigma_RM_8x16.ttf
A	public/static/fonts/Mx437_Sigma_RM_8x8.ttf
A	public/static/fonts/Mx437_Sigma_RM_9x14.ttf
A	public/static/fonts/Mx437_Sigma_RM_9x16.ttf
A	public/static/fonts/Mx437_Sigma_RM_9x8.ttf
A	public/static/fonts/Mx437_SperryPC_8x16.ttf
A	public/static/fonts/Mx437_SperryPC_CGA-2y.ttf
A	public/static/fonts/Mx437_SperryPC_CGA.ttf
A	public/static/fonts/Mx437_Tandy1K-II_200L-2x.ttf
A	public/static/fonts/Mx437_Tandy1K-II_200L-2y.ttf
A	public/static/fonts/Mx437_Tandy1K-II_200L.ttf
A	public/static/fonts/Mx437_Tandy1K-II_225L-2y.ttf
A	public/static/fonts/Mx437_Tandy1K-II_225L.ttf
A	public/static/fonts/Mx437_Tandy1K-II_Mono.ttf
A	public/static/fonts/Mx437_Tandy1K-I_200L-2x.ttf
A	public/static/fonts/Mx437_Tandy1K-I_200L-2y.ttf
A	public/static/fonts/Mx437_Tandy1K-I_200L.ttf
A	public/static/fonts/Mx437_Tandy1K-I_225L-2y.ttf
A	public/static/fonts/Mx437_Tandy1K-I_225L.ttf
A	public/static/fonts/Mx437_Tandy2K-2x.ttf
A	public/static/fonts/Mx437_Tandy2K.ttf
A	public/static/fonts/Mx437_Tandy2K_G-2x.ttf
A	public/static/fonts/Mx437_Tandy2K_G-TV.ttf
A	public/static/fonts/Mx437_Tandy2K_G.ttf
A	public/static/fonts/Mx437_TelePC-2y.ttf
A	public/static/fonts/Mx437_TelePC.ttf
A	public/static/fonts/Mx437_Ti_Pro.ttf
A	public/static/fonts/Mx437_ToshibaSat_8x14.ttf
A	public/static/fonts/Mx437_ToshibaSat_8x16.ttf
A	public/static/fonts/Mx437_ToshibaSat_8x8.ttf
A	public/static/fonts/Mx437_ToshibaSat_9x14.ttf
A	public/static/fonts/Mx437_ToshibaSat_9x16.ttf
A	public/static/fonts/Mx437_ToshibaSat_9x8.ttf
A	public/static/fonts/Mx437_ToshibaT300_8x16.ttf
A	public/static/fonts/Mx437_ToshibaT300_8x8-2y.ttf
A	public/static/fonts/Mx437_ToshibaT300_8x8.ttf
A	public/static/fonts/Mx437_ToshibaTxL1_8x16.ttf
A	public/static/fonts/Mx437_ToshibaTxL1_8x8.ttf
A	public/static/fonts/Mx437_ToshibaTxL2_8x16.ttf
A	public/static/fonts/Mx437_ToshibaTxL2_8x8.ttf
A	public/static/fonts/Mx437_TridentEarly_8x11.ttf
A	public/static/fonts/Mx437_TridentEarly_8x14.ttf
A	public/static/fonts/Mx437_TridentEarly_8x16.ttf
A	public/static/fonts/Mx437_TridentEarly_8x8.ttf
A	public/static/fonts/Mx437_TridentEarly_9x14.ttf
A	public/static/fonts/Mx437_TridentEarly_9x16.ttf
A	public/static/fonts/Mx437_TridentEarly_9x8.ttf
A	public/static/fonts/Mx437_Trident_8x11.ttf
A	public/static/fonts/Mx437_Trident_8x14.ttf
A	public/static/fonts/Mx437_Trident_8x16.ttf
A	public/static/fonts/Mx437_Trident_8x8.ttf
A	public/static/fonts/Mx437_Trident_9x14.ttf
A	public/static/fonts/Mx437_Trident_9x16.ttf
A	public/static/fonts/Mx437_Trident_9x8.ttf
A	public/static/fonts/Mx437_TsengEVA_132_6x14.ttf
A	public/static/fonts/Mx437_TsengEVA_132_6x8.ttf
A	public/static/fonts/Mx437_VTech_BIOS-2y.ttf
A	public/static/fonts/Mx437_VTech_BIOS.ttf
A	public/static/fonts/Mx437_Verite_8x14.ttf
A	public/static/fonts/Mx437_Verite_8x16.ttf
A	public/static/fonts/Mx437_Verite_8x8-2y.ttf
A	public/static/fonts/Mx437_Verite_8x8.ttf
A	public/static/fonts/Mx437_Verite_9x14.ttf
A	public/static/fonts/Mx437_Verite_9x16.ttf
A	public/static/fonts/Mx437_Verite_9x8.ttf
A	public/static/fonts/Mx437_Wang_Pro_Color-2y.ttf
A	public/static/fonts/Mx437_Wang_Pro_Color.ttf
A	public/static/fonts/Mx437_Wang_Pro_Mono.ttf
A	public/static/fonts/Mx437_Wyse700a-2y.ttf
A	public/static/fonts/Mx437_Wyse700a.ttf
A	public/static/fonts/Mx437_Wyse700b-2y.ttf
A	public/static/fonts/Mx437_Wyse700b.ttf
A	public/static/fonts/Mx437_Zenith_Z-100.ttf
A	public/static/fonts/Mx437_Zenith_Z-100_Alt.ttf
A	public/static/fonts/MxPlus_AST_PremiumExec.ttf
A	public/static/fonts/MxPlus_Amstrad_PC-2y.ttf
A	public/static/fonts/MxPlus_Amstrad_PC.ttf
A	public/static/fonts/MxPlus_Cordata_PPC-21.ttf
A	public/static/fonts/MxPlus_Cordata_PPC-400.ttf
A	public/static/fonts/MxPlus_HP_100LX_10x11.ttf
A	public/static/fonts/MxPlus_HP_100LX_16x12.ttf
A	public/static/fonts/MxPlus_HP_100LX_6x8-2x.ttf
A	public/static/fonts/MxPlus_HP_100LX_6x8.ttf
A	public/static/fonts/MxPlus_HP_100LX_8x8-2x.ttf
A	public/static/fonts/MxPlus_HP_100LX_8x8.ttf
A	public/static/fonts/MxPlus_HP_150_re.ttf
A	public/static/fonts/MxPlus_IBM_BIOS-2x.ttf
A	public/static/fonts/MxPlus_IBM_BIOS-2y.ttf
A	public/static/fonts/MxPlus_IBM_BIOS.ttf
A	public/static/fonts/MxPlus_IBM_CGA-2y.ttf
A	public/static/fonts/MxPlus_IBM_CGA.ttf
A	public/static/fonts/MxPlus_IBM_CGAthin-2y.ttf
A	public/static/fonts/MxPlus_IBM_CGAthin.ttf
A	public/static/fonts/MxPlus_IBM_EGA_8x14-2x.ttf
A	public/static/fonts/MxPlus_IBM_EGA_8x14.ttf
A	public/static/fonts/MxPlus_IBM_EGA_8x8-2x.ttf
A	public/static/fonts/MxPlus_IBM_EGA_8x8.ttf
A	public/static/fonts/MxPlus_IBM_EGA_9x14-2x.ttf
A	public/static/fonts/MxPlus_IBM_EGA_9x14.ttf
A	public/static/fonts/MxPlus_IBM_EGA_9x8-2x.ttf
A	public/static/fonts/MxPlus_IBM_EGA_9x8.ttf
A	public/static/fonts/MxPlus_IBM_MDA.ttf
A	public/static/fonts/MxPlus_IBM_VGA_8x14-2x.ttf
A	public/static/fonts/MxPlus_IBM_VGA_8x14.ttf
A	public/static/fonts/MxPlus_IBM_VGA_8x16-2x.ttf
A	public/static/fonts/MxPlus_IBM_VGA_8x16.ttf
A	public/static/fonts/MxPlus_IBM_VGA_9x14-2x.ttf
A	public/static/fonts/MxPlus_IBM_VGA_9x14.ttf
A	public/static/fonts/MxPlus_IBM_VGA_9x16-2x.ttf
A	public/static/fonts/MxPlus_IBM_VGA_9x16.ttf
A	public/static/fonts/MxPlus_IBM_VGA_9x8-2x.ttf
A	public/static/fonts/MxPlus_IBM_VGA_9x8.ttf
A	public/static/fonts/MxPlus_IBM_XGA-AI_12x20.ttf
A	public/static/fonts/MxPlus_Rainbow100_re_132.ttf
A	public/static/fonts/MxPlus_Rainbow100_re_40.ttf
A	public/static/fonts/MxPlus_Rainbow100_re_66.ttf
A	public/static/fonts/MxPlus_Rainbow100_re_80.ttf
A	public/static/fonts/MxPlus_Tandy1K-II_200L-2x.ttf
A	public/static/fonts/MxPlus_Tandy1K-II_200L-2y.ttf
A	public/static/fonts/MxPlus_Tandy1K-II_200L.ttf
A	public/static/fonts/MxPlus_Tandy1K-II_225L-2y.ttf
A	public/static/fonts/MxPlus_Tandy1K-II_225L.ttf
A	public/static/fonts/MxPlus_ToshibaSat_8x14.ttf
A	public/static/fonts/MxPlus_ToshibaSat_8x16.ttf
A	public/static/fonts/MxPlus_ToshibaSat_8x8.ttf
A	public/static/fonts/MxPlus_ToshibaSat_9x14.ttf
A	public/static/fonts/MxPlus_ToshibaSat_9x16.ttf
A	public/static/fonts/MxPlus_ToshibaSat_9x8.ttf
A	public/static/fonts/MxPlus_ToshibaTxL1_8x16.ttf
A	public/static/fonts/MxPlus_ToshibaTxL2_8x16.ttf
A	public/static/fonts/PixelPirateRegular-PXYZ.ttf
A	public/static/fonts/Px437_ACM_VGA_8x14.ttf
A	public/static/fonts/Px437_ACM_VGA_8x16.ttf
A	public/static/fonts/Px437_ACM_VGA_8x8.ttf
A	public/static/fonts/Px437_ACM_VGA_9x14.ttf
A	public/static/fonts/Px437_ACM_VGA_9x16.ttf
A	public/static/fonts/Px437_ACM_VGA_9x8.ttf
A	public/static/fonts/Px437_AMI_EGA_8x14.ttf
A	public/static/fonts/Px437_AMI_EGA_8x8-2y.ttf
A	public/static/fonts/Px437_AMI_EGA_8x8.ttf
A	public/static/fonts/Px437_AMI_EGA_9x14.ttf
A	public/static/fonts/Px437_AST_PremiumExec.ttf
A	public/static/fonts/Px437_ATI_8x14.ttf
A	public/static/fonts/Px437_ATI_8x16.ttf
A	public/static/fonts/Px437_ATI_8x8-2y.ttf
A	public/static/fonts/Px437_ATI_8x8.ttf
A	public/static/fonts/Px437_ATI_9x14.ttf
A	public/static/fonts/Px437_ATI_9x16.ttf
A	public/static/fonts/Px437_ATI_9x8.ttf
A	public/static/fonts/Px437_ATI_SmallW_6x8.ttf
A	public/static/fonts/Px437_ATT_PC6300-2x.ttf
A	public/static/fonts/Px437_ATT_PC6300.ttf
A	public/static/fonts/Px437_Acer710_CGA-2y.ttf
A	public/static/fonts/Px437_Acer710_CGA.ttf
A	public/static/fonts/Px437_Acer710_Mono.ttf
A	public/static/fonts/Px437_Acer_VGA_8x8-2y.ttf
A	public/static/fonts/Px437_Acer_VGA_8x8.ttf
A	public/static/fonts/Px437_Acer_VGA_9x8.ttf
A	public/static/fonts/Px437_Amstrad_PC-2y.ttf
A	public/static/fonts/Px437_Amstrad_PC.ttf
A	public/static/fonts/Px437_ApricotPortable.ttf
A	public/static/fonts/Px437_ApricotXenC.ttf
A	public/static/fonts/Px437_Apricot_200L-2y.ttf
A	public/static/fonts/Px437_Apricot_200L.ttf
A	public/static/fonts/Px437_Apricot_256L-2y.ttf
A	public/static/fonts/Px437_Apricot_256L.ttf
A	public/static/fonts/Px437_Apricot_Mono.ttf
A	public/static/fonts/Px437_CL_EagleIII_8x16.ttf
A	public/static/fonts/Px437_CL_EagleIII_9x16.ttf
A	public/static/fonts/Px437_CL_EagleII_8x16.ttf
A	public/static/fonts/Px437_CL_EagleII_9x16.ttf
A	public/static/fonts/Px437_CL_Stingray_8x16.ttf
A	public/static/fonts/Px437_CL_Stingray_8x16_bold.ttf
A	public/static/fonts/Px437_CL_Stingray_8x19.ttf
A	public/static/fonts/Px437_CL_Stingray_8x19_bold.ttf
A	public/static/fonts/Px437_CompaqThin_8x14.ttf
A	public/static/fonts/Px437_CompaqThin_8x16.ttf
A	public/static/fonts/Px437_CompaqThin_8x8.ttf
A	public/static/fonts/Px437_Compaq_Port3-2x.ttf
A	public/static/fonts/Px437_Compaq_Port3.ttf
A	public/static/fonts/Px437_Compis.ttf
A	public/static/fonts/Px437_Copam_BIOS-2y.ttf
A	public/static/fonts/Px437_Copam_BIOS.ttf
A	public/static/fonts/Px437_Cordata_PPC-21.ttf
A	public/static/fonts/Px437_Cordata_PPC-400.ttf
A	public/static/fonts/Px437_DG_One-2y.ttf
A	public/static/fonts/Px437_DG_One-2y_bold.ttf
A	public/static/fonts/Px437_DG_One.ttf
A	public/static/fonts/Px437_DG_One_bold.ttf
A	public/static/fonts/Px437_DOS-V_TWN16.ttf
A	public/static/fonts/Px437_DOS-V_TWN19.ttf
A	public/static/fonts/Px437_DOS-V_re_ANK16.ttf
A	public/static/fonts/Px437_DOS-V_re_ANK19.ttf
A	public/static/fonts/Px437_DOS-V_re_ANK24.ttf
A	public/static/fonts/Px437_DOS-V_re_ANK30.ttf
A	public/static/fonts/Px437_DOS-V_re_JPN12.ttf
A	public/static/fonts/Px437_DOS-V_re_JPN16.ttf
A	public/static/fonts/Px437_DOS-V_re_JPN19.ttf
A	public/static/fonts/Px437_DOS-V_re_JPN24.ttf
A	public/static/fonts/Px437_DOS-V_re_JPN30.ttf
A	public/static/fonts/Px437_DOS-V_re_PRC16.ttf
A	public/static/fonts/Px437_DOS-V_re_PRC19.ttf
A	public/static/fonts/Px437_DTK_BIOS-2y.ttf
A	public/static/fonts/Px437_DTK_BIOS.ttf
A	public/static/fonts/Px437_EagleSpCGA_Alt1-2y.ttf
A	public/static/fonts/Px437_EagleSpCGA_Alt1.ttf
A	public/static/fonts/Px437_EagleSpCGA_Alt2-2y.ttf
A	public/static/fonts/Px437_EagleSpCGA_Alt2.ttf
A	public/static/fonts/Px437_EagleSpCGA_Alt3-2y.ttf
A	public/static/fonts/Px437_EagleSpCGA_Alt3.ttf
A	public/static/fonts/Px437_EpsonMGA-2y.ttf
A	public/static/fonts/Px437_EpsonMGA.ttf
A	public/static/fonts/Px437_EpsonMGA_Alt-2y.ttf
A	public/static/fonts/Px437_EpsonMGA_Alt.ttf
A	public/static/fonts/Px437_EpsonMGA_Mono.ttf
A	public/static/fonts/Px437_EuroPC_CGA-2y.ttf
A	public/static/fonts/Px437_EuroPC_CGA.ttf
A	public/static/fonts/Px437_EuroPC_Mono.ttf
A	public/static/fonts/Px437_EverexME_5x8.ttf
A	public/static/fonts/Px437_EverexME_7x8.ttf
A	public/static/fonts/Px437_EverexME_8x16.ttf
A	public/static/fonts/Px437_FMTowns_re_8x16-2x.ttf
A	public/static/fonts/Px437_FMTowns_re_8x16.ttf
A	public/static/fonts/Px437_FMTowns_re_8x8.ttf
A	public/static/fonts/Px437_HP_100LX_10x11.ttf
A	public/static/fonts/Px437_HP_100LX_16x12.ttf
A	public/static/fonts/Px437_HP_100LX_6x8-2x.ttf
A	public/static/fonts/Px437_HP_100LX_6x8.ttf
A	public/static/fonts/Px437_HP_100LX_8x8-2x.ttf
A	public/static/fonts/Px437_HP_100LX_8x8.ttf
A	public/static/fonts/Px437_HP_150_re.ttf
A	public/static/fonts/Px437_IBM_3270pc.ttf
A	public/static/fonts/Px437_IBM_BIOS-2x.ttf
A	public/static/fonts/Px437_IBM_BIOS-2y.ttf
A	public/static/fonts/Px437_IBM_BIOS.ttf
A	public/static/fonts/Px437_IBM_CGA-2y.ttf
A	public/static/fonts/Px437_IBM_CGA.ttf
A	public/static/fonts/Px437_IBM_CGAthin-2y.ttf
A	public/static/fonts/Px437_IBM_CGAthin.ttf
A	public/static/fonts/Px437_IBM_Conv-2x.ttf
A	public/static/fonts/Px437_IBM_Conv-2y.ttf
A	public/static/fonts/Px437_IBM_Conv.ttf
A	public/static/fonts/Px437_IBM_DOS_ISO8-2x.ttf
A	public/static/fonts/Px437_IBM_DOS_ISO8.ttf
A	public/static/fonts/Px437_IBM_DOS_ISO9-2x.ttf
A	public/static/fonts/Px437_IBM_DOS_ISO9.ttf
A	public/static/fonts/Px437_IBM_EGA_8x14-2x.ttf
A	public/static/fonts/Px437_IBM_EGA_8x14.ttf
A	public/static/fonts/Px437_IBM_EGA_8x8-2x.ttf
A	public/static/fonts/Px437_IBM_EGA_8x8.ttf
A	public/static/fonts/Px437_IBM_EGA_9x14-2x.ttf
A	public/static/fonts/Px437_IBM_EGA_9x14.ttf
A	public/static/fonts/Px437_IBM_EGA_9x8-2x.ttf
A	public/static/fonts/Px437_IBM_EGA_9x8.ttf
A	public/static/fonts/Px437_IBM_MDA.ttf
A	public/static/fonts/Px437_IBM_Model30r0-2x.ttf
A	public/static/fonts/Px437_IBM_Model30r0.ttf
A	public/static/fonts/Px437_IBM_Model3x_Alt1.ttf
A	public/static/fonts/Px437_IBM_Model3x_Alt2.ttf
A	public/static/fonts/Px437_IBM_Model3x_Alt3.ttf
A	public/static/fonts/Px437_IBM_Model3x_Alt4.ttf
A	public/static/fonts/Px437_IBM_PGC-2x.ttf
A	public/static/fonts/Px437_IBM_PGC.ttf
A	public/static/fonts/Px437_IBM_PS-55_re.ttf
A	public/static/fonts/Px437_IBM_VGA_8x14-2x.ttf
A	public/static/fonts/Px437_IBM_VGA_8x14.ttf
A	public/static/fonts/Px437_IBM_VGA_8x16-2x.ttf
A	public/static/fonts/Px437_IBM_VGA_8x16.ttf
A	public/static/fonts/Px437_IBM_VGA_9x14-2x.ttf
A	public/static/fonts/Px437_IBM_VGA_9x14.ttf
A	public/static/fonts/Px437_IBM_VGA_9x16-2x.ttf
A	public/static/fonts/Px437_IBM_VGA_9x16.ttf
A	public/static/fonts/Px437_IBM_VGA_9x8-2x.ttf
A	public/static/fonts/Px437_IBM_VGA_9x8.ttf
A	public/static/fonts/Px437_IBM_XGA-AI_12x20.ttf
A	public/static/fonts/Px437_IBM_XGA-AI_12x23.ttf
A	public/static/fonts/Px437_IBM_XGA-AI_7x15.ttf
A	public/static/fonts/Px437_IGS_VGA_8x16.ttf
A	public/static/fonts/Px437_IGS_VGA_9x16.ttf
A	public/static/fonts/Px437_ITT_Xtra-2y.ttf
A	public/static/fonts/Px437_ITT_Xtra.ttf
A	public/static/fonts/Px437_Kaypro2K_G-2y.ttf
A	public/static/fonts/Px437_Kaypro2K_G.ttf
A	public/static/fonts/Px437_LE_Model_D_CGA-2y.ttf
A	public/static/fonts/Px437_LE_Model_D_CGA.ttf
A	public/static/fonts/Px437_LE_Model_D_Mono.ttf
A	public/static/fonts/Px437_MBytePC230_8x16.ttf
A	public/static/fonts/Px437_MBytePC230_CGA-2y.ttf
A	public/static/fonts/Px437_MBytePC230_CGA.ttf
A	public/static/fonts/Px437_MBytePC230_EGA.ttf
A	public/static/fonts/Px437_MBytePC230_Mono.ttf
A	public/static/fonts/Px437_Master_512-2y.ttf
A	public/static/fonts/Px437_Master_512-2y_bold.ttf
A	public/static/fonts/Px437_Master_512-M7.ttf
A	public/static/fonts/Px437_Master_512-M7_bold.ttf
A	public/static/fonts/Px437_Master_512.ttf
A	public/static/fonts/Px437_Master_512_bold.ttf
A	public/static/fonts/Px437_Mindset-2x.ttf
A	public/static/fonts/Px437_Mindset-2y.ttf
A	public/static/fonts/Px437_Mindset.ttf
A	public/static/fonts/Px437_NEC_APC3_8x16-2x.ttf
A	public/static/fonts/Px437_NEC_APC3_8x16.ttf
A	public/static/fonts/Px437_NEC_APC3_8x8-2y.ttf
A	public/static/fonts/Px437_NEC_APC3_8x8.ttf
A	public/static/fonts/Px437_NEC_MultiSpeed-2x.ttf
A	public/static/fonts/Px437_NEC_MultiSpeed-2x_bold.ttf
A	public/static/fonts/Px437_NEC_MultiSpeed.ttf
A	public/static/fonts/Px437_NEC_MultiSpeed_bold.ttf
A	public/static/fonts/Px437_Nix8810_M15.ttf
A	public/static/fonts/Px437_Nix8810_M16.ttf
A	public/static/fonts/Px437_Nix8810_M35-2y.ttf
A	public/static/fonts/Px437_Nix8810_M35.ttf
A	public/static/fonts/Px437_OlivettiThin_8x14.ttf
A	public/static/fonts/Px437_OlivettiThin_8x16.ttf
A	public/static/fonts/Px437_OlivettiThin_9x14.ttf
A	public/static/fonts/Px437_OlivettiThin_9x16.ttf
A	public/static/fonts/Px437_Olivetti_M15-2y.ttf
A	public/static/fonts/Px437_Olivetti_M15.ttf
A	public/static/fonts/Px437_Paradise132_7x16.ttf
A	public/static/fonts/Px437_Paradise132_7x9.ttf
A	public/static/fonts/Px437_Philips_YES_G-2x.ttf
A	public/static/fonts/Px437_Philips_YES_G-2y.ttf
A	public/static/fonts/Px437_Philips_YES_G.ttf
A	public/static/fonts/Px437_Philips_YES_T-2y.ttf
A	public/static/fonts/Px437_Philips_YES_T.ttf
A	public/static/fonts/Px437_PhoenixEGA_8x14.ttf
A	public/static/fonts/Px437_PhoenixEGA_8x16.ttf
A	public/static/fonts/Px437_PhoenixEGA_8x8-2y.ttf
A	public/static/fonts/Px437_PhoenixEGA_8x8.ttf
A	public/static/fonts/Px437_PhoenixEGA_9x14.ttf
A	public/static/fonts/Px437_PhoenixVGA_8x14.ttf
A	public/static/fonts/Px437_PhoenixVGA_8x16.ttf
A	public/static/fonts/Px437_PhoenixVGA_8x8.ttf
A	public/static/fonts/Px437_PhoenixVGA_9x14.ttf
A	public/static/fonts/Px437_PhoenixVGA_9x16.ttf
A	public/static/fonts/Px437_PhoenixVGA_9x8.ttf
A	public/static/fonts/Px437_Phoenix_BIOS-2y.ttf
A	public/static/fonts/Px437_Phoenix_BIOS.ttf
A	public/static/fonts/Px437_Portfolio_6x8.ttf
A	public/static/fonts/Px437_RM_Nimbus-2y.ttf
A	public/static/fonts/Px437_RM_Nimbus.ttf
A	public/static/fonts/Px437_Rainbow100_re_132.ttf
A	public/static/fonts/Px437_Rainbow100_re_40.ttf
A	public/static/fonts/Px437_Rainbow100_re_66.ttf
A	public/static/fonts/Px437_Rainbow100_re_80.ttf
A	public/static/fonts/Px437_Robotron_A7100.ttf
A	public/static/fonts/Px437_STB_AutoEGA_8x14.ttf
A	public/static/fonts/Px437_STB_AutoEGA_9x14.ttf
A	public/static/fonts/Px437_SanyoMBC16-2y.ttf
A	public/static/fonts/Px437_SanyoMBC16.ttf
A	public/static/fonts/Px437_SanyoMBC55x-2y.ttf
A	public/static/fonts/Px437_SanyoMBC55x.ttf
A	public/static/fonts/Px437_SanyoMBC775-2y.ttf
A	public/static/fonts/Px437_SanyoMBC775.ttf
A	public/static/fonts/Px437_SeequaCm-2y.ttf
A	public/static/fonts/Px437_SeequaCm.ttf
A	public/static/fonts/Px437_Sharp_PC3K-2x.ttf
A	public/static/fonts/Px437_Sharp_PC3K.ttf
A	public/static/fonts/Px437_Sharp_PC3K_Alt-2x.ttf
A	public/static/fonts/Px437_Sharp_PC3K_Alt.ttf
A	public/static/fonts/Px437_Siemens_PC-D.ttf
A	public/static/fonts/Px437_Sigma_RM_8x14.ttf
A	public/static/fonts/Px437_Sigma_RM_8x16.ttf
A	public/static/fonts/Px437_Sigma_RM_8x8.ttf
A	public/static/fonts/Px437_Sigma_RM_9x14.ttf
A	public/static/fonts/Px437_Sigma_RM_9x16.ttf
A	public/static/fonts/Px437_Sigma_RM_9x8.ttf
A	public/static/fonts/Px437_SperryPC_8x16.ttf
A	public/static/fonts/Px437_SperryPC_CGA-2y.ttf
A	public/static/fonts/Px437_SperryPC_CGA.ttf
A	public/static/fonts/Px437_Tandy1K-II_200L-2x.ttf
A	public/static/fonts/Px437_Tandy1K-II_200L-2y.ttf
A	public/static/fonts/Px437_Tandy1K-II_200L.ttf
A	public/static/fonts/Px437_Tandy1K-II_225L-2y.ttf
A	public/static/fonts/Px437_Tandy1K-II_225L.ttf
A	public/static/fonts/Px437_Tandy1K-II_Mono.ttf
A	public/static/fonts/Px437_Tandy1K-I_200L-2x.ttf
A	public/static/fonts/Px437_Tandy1K-I_200L-2y.ttf
A	public/static/fonts/Px437_Tandy1K-I_200L.ttf
A	public/static/fonts/Px437_Tandy1K-I_225L-2y.ttf
A	public/static/fonts/Px437_Tandy1K-I_225L.ttf
A	public/static/fonts/Px437_Tandy2K-2x.ttf
A	public/static/fonts/Px437_Tandy2K.ttf
A	public/static/fonts/Px437_Tandy2K_G-2x.ttf
A	public/static/fonts/Px437_Tandy2K_G-TV.ttf
A	public/static/fonts/Px437_Tandy2K_G.ttf
A	public/static/fonts/Px437_TelePC-2y.ttf
A	public/static/fonts/Px437_TelePC.ttf
A	public/static/fonts/Px437_Ti_Pro.ttf
A	public/static/fonts/Px437_ToshibaSat_8x14.ttf
A	public/static/fonts/Px437_ToshibaSat_8x16.ttf
A	public/static/fonts/Px437_ToshibaSat_8x8.ttf
A	public/static/fonts/Px437_ToshibaSat_9x14.ttf
A	public/static/fonts/Px437_ToshibaSat_9x16.ttf
A	public/static/fonts/Px437_ToshibaSat_9x8.ttf
A	public/static/fonts/Px437_ToshibaT300_8x16.ttf
A	public/static/fonts/Px437_ToshibaT300_8x8-2y.ttf
A	public/static/fonts/Px437_ToshibaT300_8x8.ttf
A	public/static/fonts/Px437_ToshibaTxL1_8x16.ttf
A	public/static/fonts/Px437_ToshibaTxL1_8x8.ttf
A	public/static/fonts/Px437_ToshibaTxL2_8x16.ttf
A	public/static/fonts/Px437_ToshibaTxL2_8x8.ttf
A	public/static/fonts/Px437_TridentEarly_8x11.ttf
A	public/static/fonts/Px437_TridentEarly_8x14.ttf
A	public/static/fonts/Px437_TridentEarly_8x16.ttf
A	public/static/fonts/Px437_TridentEarly_8x8.ttf
A	public/static/fonts/Px437_TridentEarly_9x14.ttf
A	public/static/fonts/Px437_TridentEarly_9x16.ttf
A	public/static/fonts/Px437_TridentEarly_9x8.ttf
A	public/static/fonts/Px437_Trident_8x11.ttf
A	public/static/fonts/Px437_Trident_8x14.ttf
A	public/static/fonts/Px437_Trident_8x16.ttf
A	public/static/fonts/Px437_Trident_8x8.ttf
A	public/static/fonts/Px437_Trident_9x14.ttf
A	public/static/fonts/Px437_Trident_9x16.ttf
A	public/static/fonts/Px437_Trident_9x8.ttf
A	public/static/fonts/Px437_TsengEVA_132_6x14.ttf
A	public/static/fonts/Px437_TsengEVA_132_6x8.ttf
A	public/static/fonts/Px437_VTech_BIOS-2y.ttf
A	public/static/fonts/Px437_VTech_BIOS.ttf
A	public/static/fonts/Px437_Verite_8x14.ttf
A	public/static/fonts/Px437_Verite_8x16.ttf
A	public/static/fonts/Px437_Verite_8x8-2y.ttf
A	public/static/fonts/Px437_Verite_8x8.ttf
A	public/static/fonts/Px437_Verite_9x14.ttf
A	public/static/fonts/Px437_Verite_9x16.ttf
A	public/static/fonts/Px437_Verite_9x8.ttf
A	public/static/fonts/Px437_Wang_Pro_Color-2y.ttf
A	public/static/fonts/Px437_Wang_Pro_Color.ttf
A	public/static/fonts/Px437_Wang_Pro_Mono.ttf
A	public/static/fonts/Px437_Wyse700a-2y.ttf
A	public/static/fonts/Px437_Wyse700a.ttf
A	public/static/fonts/Px437_Wyse700b-2y.ttf
A	public/static/fonts/Px437_Wyse700b.ttf
A	public/static/fonts/Px437_Zenith_Z-100.ttf
A	public/static/fonts/Px437_Zenith_Z-100_Alt.ttf
A	public/static/fonts/PxPlus_AST_PremiumExec.ttf
A	public/static/fonts/PxPlus_Amstrad_PC-2y.ttf
A	public/static/fonts/PxPlus_Amstrad_PC.ttf
A	public/static/fonts/PxPlus_Cordata_PPC-21.ttf
A	public/static/fonts/PxPlus_Cordata_PPC-400.ttf
A	public/static/fonts/PxPlus_HP_100LX_10x11.ttf
A	public/static/fonts/PxPlus_HP_100LX_16x12.ttf
A	public/static/fonts/PxPlus_HP_100LX_6x8-2x.ttf
A	public/static/fonts/PxPlus_HP_100LX_6x8.ttf
A	public/static/fonts/PxPlus_HP_100LX_8x8-2x.ttf
A	public/static/fonts/PxPlus_HP_100LX_8x8.ttf
A	public/static/fonts/PxPlus_HP_150_re.ttf
A	public/static/fonts/PxPlus_IBM_BIOS-2x.ttf
A	public/static/fonts/PxPlus_IBM_BIOS-2y.ttf
A	public/static/fonts/PxPlus_IBM_BIOS.ttf
A	public/static/fonts/PxPlus_IBM_CGA-2y.ttf
A	public/static/fonts/PxPlus_IBM_CGA.ttf
A	public/static/fonts/PxPlus_IBM_CGAthin-2y.ttf
A	public/static/fonts/PxPlus_IBM_CGAthin.ttf
A	public/static/fonts/PxPlus_IBM_EGA_8x14-2x.ttf
A	public/static/fonts/PxPlus_IBM_EGA_8x14.ttf
A	public/static/fonts/PxPlus_IBM_EGA_8x8-2x.ttf
A	public/static/fonts/PxPlus_IBM_EGA_8x8.ttf
A	public/static/fonts/PxPlus_IBM_EGA_9x14-2x.ttf
A	public/static/fonts/PxPlus_IBM_EGA_9x14.ttf
A	public/static/fonts/PxPlus_IBM_EGA_9x8-2x.ttf
A	public/static/fonts/PxPlus_IBM_EGA_9x8.ttf
A	public/static/fonts/PxPlus_IBM_MDA.ttf
A	public/static/fonts/PxPlus_IBM_VGA_8x14-2x.ttf
A	public/static/fonts/PxPlus_IBM_VGA_8x14.ttf
A	public/static/fonts/PxPlus_IBM_VGA_8x16-2x.ttf
A	public/static/fonts/PxPlus_IBM_VGA_8x16.ttf
A	public/static/fonts/PxPlus_IBM_VGA_9x14-2x.ttf
A	public/static/fonts/PxPlus_IBM_VGA_9x14.ttf
A	public/static/fonts/PxPlus_IBM_VGA_9x16-2x.ttf
A	public/static/fonts/PxPlus_IBM_VGA_9x16.ttf
A	public/static/fonts/PxPlus_IBM_VGA_9x8-2x.ttf
A	public/static/fonts/PxPlus_IBM_VGA_9x8.ttf
A	public/static/fonts/PxPlus_IBM_XGA-AI_12x20.ttf
A	public/static/fonts/PxPlus_Rainbow100_re_132.ttf
A	public/static/fonts/PxPlus_Rainbow100_re_40.ttf
A	public/static/fonts/PxPlus_Rainbow100_re_66.ttf
A	public/static/fonts/PxPlus_Rainbow100_re_80.ttf
A	public/static/fonts/PxPlus_Tandy1K-II_200L-2x.ttf
A	public/static/fonts/PxPlus_Tandy1K-II_200L-2y.ttf
A	public/static/fonts/PxPlus_Tandy1K-II_200L.ttf
A	public/static/fonts/PxPlus_Tandy1K-II_225L-2y.ttf
A	public/static/fonts/PxPlus_Tandy1K-II_225L.ttf
A	public/static/fonts/PxPlus_ToshibaSat_8x14.ttf
A	public/static/fonts/PxPlus_ToshibaSat_8x16.ttf
A	public/static/fonts/PxPlus_ToshibaSat_8x8.ttf
A	public/static/fonts/PxPlus_ToshibaSat_9x14.ttf
A	public/static/fonts/PxPlus_ToshibaSat_9x16.ttf
A	public/static/fonts/PxPlus_ToshibaSat_9x8.ttf
A	public/static/fonts/PxPlus_ToshibaTxL1_8x16.ttf
A	public/static/fonts/PxPlus_ToshibaTxL2_8x16.ttf
A	public/static/fonts/Web437_ACM_VGA_8x14.woff
A	public/static/fonts/Web437_ACM_VGA_8x16.woff
A	public/static/fonts/Web437_ACM_VGA_8x8.woff
A	public/static/fonts/Web437_ACM_VGA_9x14.woff
A	public/static/fonts/Web437_ACM_VGA_9x16.woff
A	public/static/fonts/Web437_ACM_VGA_9x8.woff
A	public/static/fonts/Web437_AMI_EGA_8x14.woff
A	public/static/fonts/Web437_AMI_EGA_8x8-2y.woff
A	public/static/fonts/Web437_AMI_EGA_8x8.woff
A	public/static/fonts/Web437_AMI_EGA_9x14.woff
A	public/static/fonts/Web437_AST_PremiumExec.woff
A	public/static/fonts/Web437_ATI_8x14.woff
A	public/static/fonts/Web437_ATI_8x16.woff
A	public/static/fonts/Web437_ATI_8x8-2y.woff
A	public/static/fonts/Web437_ATI_8x8.woff
A	public/static/fonts/Web437_ATI_9x14.woff
A	public/static/fonts/Web437_ATI_9x16.woff
A	public/static/fonts/Web437_ATI_9x8.woff
A	public/static/fonts/Web437_ATI_SmallW_6x8.woff
A	public/static/fonts/Web437_ATT_PC6300-2x.woff
A	public/static/fonts/Web437_ATT_PC6300.woff
A	public/static/fonts/Web437_Acer710_CGA-2y.woff
A	public/static/fonts/Web437_Acer710_CGA.woff
A	public/static/fonts/Web437_Acer710_Mono.woff
A	public/static/fonts/Web437_Acer_VGA_8x8-2y.woff
A	public/static/fonts/Web437_Acer_VGA_8x8.woff
A	public/static/fonts/Web437_Acer_VGA_9x8.woff
A	public/static/fonts/Web437_Amstrad_PC-2y.woff
A	public/static/fonts/Web437_Amstrad_PC.woff
A	public/static/fonts/Web437_ApricotPortable.woff
A	public/static/fonts/Web437_ApricotXenC.woff
A	public/static/fonts/Web437_Apricot_200L-2y.woff
A	public/static/fonts/Web437_Apricot_200L.woff
A	public/static/fonts/Web437_Apricot_256L-2y.woff
A	public/static/fonts/Web437_Apricot_256L.woff
A	public/static/fonts/Web437_Apricot_Mono.woff
A	public/static/fonts/Web437_CL_EagleIII_8x16.woff
A	public/static/fonts/Web437_CL_EagleIII_9x16.woff
A	public/static/fonts/Web437_CL_EagleII_8x16.woff
A	public/static/fonts/Web437_CL_EagleII_9x16.woff
A	public/static/fonts/Web437_CL_Stingray_8x16.woff
A	public/static/fonts/Web437_CL_Stingray_8x16_bold.woff
A	public/static/fonts/Web437_CL_Stingray_8x19.woff
A	public/static/fonts/Web437_CL_Stingray_8x19_bold.woff
A	public/static/fonts/Web437_CompaqThin_8x14.woff
A	public/static/fonts/Web437_CompaqThin_8x16.woff
A	public/static/fonts/Web437_CompaqThin_8x8.woff
A	public/static/fonts/Web437_Compaq_Port3-2x.woff
A	public/static/fonts/Web437_Compaq_Port3.woff
A	public/static/fonts/Web437_Compis.woff
A	public/static/fonts/Web437_Copam_BIOS-2y.woff
A	public/static/fonts/Web437_Copam_BIOS.woff
A	public/static/fonts/Web437_Cordata_PPC-21.woff
A	public/static/fonts/Web437_Cordata_PPC-400.woff
A	public/static/fonts/Web437_DG_One-2y.woff
A	public/static/fonts/Web437_DG_One-2y_bold.woff
A	public/static/fonts/Web437_DG_One.woff
A	public/static/fonts/Web437_DG_One_bold.woff
A	public/static/fonts/Web437_DOS-V_TWN16.woff
A	public/static/fonts/Web437_DOS-V_TWN19.woff
A	public/static/fonts/Web437_DOS-V_re_ANK16.woff
A	public/static/fonts/Web437_DOS-V_re_ANK19.woff
A	public/static/fonts/Web437_DOS-V_re_ANK24.woff
A	public/static/fonts/Web437_DOS-V_re_ANK30.woff
A	public/static/fonts/Web437_DOS-V_re_JPN12.woff
A	public/static/fonts/Web437_DOS-V_re_JPN16.woff
A	public/static/fonts/Web437_DOS-V_re_JPN19.woff
A	public/static/fonts/Web437_DOS-V_re_JPN24.woff
A	public/static/fonts/Web437_DOS-V_re_JPN30.woff
A	public/static/fonts/Web437_DOS-V_re_PRC16.woff
A	public/static/fonts/Web437_DOS-V_re_PRC19.woff
A	public/static/fonts/Web437_DTK_BIOS-2y.woff
A	public/static/fonts/Web437_DTK_BIOS.woff
A	public/static/fonts/Web437_EagleSpCGA_Alt1-2y.woff
A	public/static/fonts/Web437_EagleSpCGA_Alt1.woff
A	public/static/fonts/Web437_EagleSpCGA_Alt2-2y.woff
A	public/static/fonts/Web437_EagleSpCGA_Alt2.woff
A	public/static/fonts/Web437_EagleSpCGA_Alt3-2y.woff
A	public/static/fonts/Web437_EagleSpCGA_Alt3.woff
A	public/static/fonts/Web437_EpsonMGA-2y.woff
A	public/static/fonts/Web437_EpsonMGA.woff
A	public/static/fonts/Web437_EpsonMGA_Alt-2y.woff
A	public/static/fonts/Web437_EpsonMGA_Alt.woff
A	public/static/fonts/Web437_EpsonMGA_Mono.woff
A	public/static/fonts/Web437_EuroPC_CGA-2y.woff
A	public/static/fonts/Web437_EuroPC_CGA.woff
A	public/static/fonts/Web437_EuroPC_Mono.woff
A	public/static/fonts/Web437_EverexME_5x8.woff
A	public/static/fonts/Web437_EverexME_7x8.woff
A	public/static/fonts/Web437_EverexME_8x16.woff
A	public/static/fonts/Web437_FMTowns_re_8x16-2x.woff
A	public/static/fonts/Web437_FMTowns_re_8x16.woff
A	public/static/fonts/Web437_FMTowns_re_8x8.woff
A	public/static/fonts/Web437_HP_100LX_10x11.woff
A	public/static/fonts/Web437_HP_100LX_16x12.woff
A	public/static/fonts/Web437_HP_100LX_6x8-2x.woff
A	public/static/fonts/Web437_HP_100LX_6x8.woff
A	public/static/fonts/Web437_HP_100LX_8x8-2x.woff
A	public/static/fonts/Web437_HP_100LX_8x8.woff
A	public/static/fonts/Web437_HP_150_re.woff
A	public/static/fonts/Web437_IBM_3270pc.woff
A	public/static/fonts/Web437_IBM_BIOS-2x.woff
A	public/static/fonts/Web437_IBM_BIOS-2y.woff
A	public/static/fonts/Web437_IBM_BIOS.woff
A	public/static/fonts/Web437_IBM_CGA-2y.woff
A	public/static/fonts/Web437_IBM_CGA.woff
A	public/static/fonts/Web437_IBM_CGAthin-2y.woff
A	public/static/fonts/Web437_IBM_CGAthin.woff
A	public/static/fonts/Web437_IBM_Conv-2x.woff
A	public/static/fonts/Web437_IBM_Conv-2y.woff
A	public/static/fonts/Web437_IBM_Conv.woff
A	public/static/fonts/Web437_IBM_DOS_ISO8-2x.woff
A	public/static/fonts/Web437_IBM_DOS_ISO8.woff
A	public/static/fonts/Web437_IBM_DOS_ISO9-2x.woff
A	public/static/fonts/Web437_IBM_DOS_ISO9.woff
A	public/static/fonts/Web437_IBM_EGA_8x14-2x.woff
A	public/static/fonts/Web437_IBM_EGA_8x14.woff
A	public/static/fonts/Web437_IBM_EGA_8x8-2x.woff
A	public/static/fonts/Web437_IBM_EGA_8x8.woff
A	public/static/fonts/Web437_IBM_EGA_9x14-2x.woff
A	public/static/fonts/Web437_IBM_EGA_9x14.woff
A	public/static/fonts/Web437_IBM_EGA_9x8-2x.woff
A	public/static/fonts/Web437_IBM_EGA_9x8.woff
A	public/static/fonts/Web437_IBM_MDA.woff
A	public/static/fonts/Web437_IBM_Model30r0-2x.woff
A	public/static/fonts/Web437_IBM_Model30r0.woff
A	public/static/fonts/Web437_IBM_Model3x_Alt1.woff
A	public/static/fonts/Web437_IBM_Model3x_Alt2.woff
A	public/static/fonts/Web437_IBM_Model3x_Alt3.woff
A	public/static/fonts/Web437_IBM_Model3x_Alt4.woff
A	public/static/fonts/Web437_IBM_PGC-2x.woff
A	public/static/fonts/Web437_IBM_PGC.woff
A	public/static/fonts/Web437_IBM_PS-55_re.woff
A	public/static/fonts/Web437_IBM_VGA_8x14-2x.woff
A	public/static/fonts/Web437_IBM_VGA_8x14.woff
A	public/static/fonts/Web437_IBM_VGA_8x16-2x.woff
A	public/static/fonts/Web437_IBM_VGA_8x16.woff
A	public/static/fonts/Web437_IBM_VGA_9x14-2x.woff
A	public/static/fonts/Web437_IBM_VGA_9x14.woff
A	public/static/fonts/Web437_IBM_VGA_9x16-2x.woff
A	public/static/fonts/Web437_IBM_VGA_9x16.woff
A	public/static/fonts/Web437_IBM_VGA_9x8-2x.woff
A	public/static/fonts/Web437_IBM_VGA_9x8.woff
A	public/static/fonts/Web437_IBM_XGA-AI_12x20.woff
A	public/static/fonts/Web437_IBM_XGA-AI_12x23.woff
A	public/static/fonts/Web437_IBM_XGA-AI_7x15.woff
A	public/static/fonts/Web437_IGS_VGA_8x16.woff
A	public/static/fonts/Web437_IGS_VGA_9x16.woff
A	public/static/fonts/Web437_ITT_Xtra-2y.woff
A	public/static/fonts/Web437_ITT_Xtra.woff
A	public/static/fonts/Web437_Kaypro2K_G-2y.woff
A	public/static/fonts/Web437_Kaypro2K_G.woff
A	public/static/fonts/Web437_LE_Model_D_CGA-2y.woff
A	public/static/fonts/Web437_LE_Model_D_CGA.woff
A	public/static/fonts/Web437_LE_Model_D_Mono.woff
A	public/static/fonts/Web437_MBytePC230_8x16.woff
A	public/static/fonts/Web437_MBytePC230_CGA-2y.woff
A	public/static/fonts/Web437_MBytePC230_CGA.woff
A	public/static/fonts/Web437_MBytePC230_EGA.woff
A	public/static/fonts/Web437_MBytePC230_Mono.woff
A	public/static/fonts/Web437_Master_512-2y.woff
A	public/static/fonts/Web437_Master_512-2y_bold.woff
A	public/static/fonts/Web437_Master_512-M7.woff
A	public/static/fonts/Web437_Master_512-M7_bold.woff
A	public/static/fonts/Web437_Master_512.woff
A	public/static/fonts/Web437_Master_512_bold.woff
A	public/static/fonts/Web437_Mindset-2x.woff
A	public/static/fonts/Web437_Mindset-2y.woff
A	public/static/fonts/Web437_Mindset.woff
A	public/static/fonts/Web437_NEC_APC3_8x16-2x.woff
A	public/static/fonts/Web437_NEC_APC3_8x16.woff
A	public/static/fonts/Web437_NEC_APC3_8x8-2y.woff
A	public/static/fonts/Web437_NEC_APC3_8x8.woff
A	public/static/fonts/Web437_NEC_MultiSpeed-2x.woff
A	public/static/fonts/Web437_NEC_MultiSpeed-2x_bold.woff
A	public/static/fonts/Web437_NEC_MultiSpeed.woff
A	public/static/fonts/Web437_NEC_MultiSpeed_bold.woff
A	public/static/fonts/Web437_Nix8810_M15.woff
A	public/static/fonts/Web437_Nix8810_M16.woff
A	public/static/fonts/Web437_Nix8810_M35-2y.woff
A	public/static/fonts/Web437_Nix8810_M35.woff
A	public/static/fonts/Web437_OlivettiThin_8x14.woff
A	public/static/fonts/Web437_OlivettiThin_8x16.woff
A	public/static/fonts/Web437_OlivettiThin_9x14.woff
A	public/static/fonts/Web437_OlivettiThin_9x16.woff
A	public/static/fonts/Web437_Olivetti_M15-2y.woff
A	public/static/fonts/Web437_Olivetti_M15.woff
A	public/static/fonts/Web437_Paradise132_7x16.woff
A	public/static/fonts/Web437_Paradise132_7x9.woff
A	public/static/fonts/Web437_Philips_YES_G-2x.woff
A	public/static/fonts/Web437_Philips_YES_G-2y.woff
A	public/static/fonts/Web437_Philips_YES_G.woff
A	public/static/fonts/Web437_Philips_YES_T-2y.woff
A	public/static/fonts/Web437_Philips_YES_T.woff
A	public/static/fonts/Web437_PhoenixEGA_8x14.woff
A	public/static/fonts/Web437_PhoenixEGA_8x16.woff
A	public/static/fonts/Web437_PhoenixEGA_8x8-2y.woff
A	public/static/fonts/Web437_PhoenixEGA_8x8.woff
A	public/static/fonts/Web437_PhoenixEGA_9x14.woff
A	public/static/fonts/Web437_PhoenixVGA_8x14.woff
A	public/static/fonts/Web437_PhoenixVGA_8x16.woff
A	public/static/fonts/Web437_PhoenixVGA_8x8.woff
A	public/static/fonts/Web437_PhoenixVGA_9x14.woff
A	public/static/fonts/Web437_PhoenixVGA_9x16.woff
A	public/static/fonts/Web437_PhoenixVGA_9x8.woff
A	public/static/fonts/Web437_Phoenix_BIOS-2y.woff
A	public/static/fonts/Web437_Phoenix_BIOS.woff
A	public/static/fonts/Web437_Portfolio_6x8.woff
A	public/static/fonts/Web437_RM_Nimbus-2y.woff
A	public/static/fonts/Web437_RM_Nimbus.woff
A	public/static/fonts/Web437_Rainbow100_re_132.woff
A	public/static/fonts/Web437_Rainbow100_re_40.woff
A	public/static/fonts/Web437_Rainbow100_re_66.woff
A	public/static/fonts/Web437_Rainbow100_re_80.woff
A	public/static/fonts/Web437_Robotron_A7100.woff
A	public/static/fonts/Web437_STB_AutoEGA_8x14.woff
A	public/static/fonts/Web437_STB_AutoEGA_9x14.woff
A	public/static/fonts/Web437_SanyoMBC16-2y.woff
A	public/static/fonts/Web437_SanyoMBC16.woff
A	public/static/fonts/Web437_SanyoMBC55x-2y.woff
A	public/static/fonts/Web437_SanyoMBC55x.woff
A	public/static/fonts/Web437_SanyoMBC775-2y.woff
A	public/static/fonts/Web437_SanyoMBC775.woff
A	public/static/fonts/Web437_SeequaCm-2y.woff
A	public/static/fonts/Web437_SeequaCm.woff
A	public/static/fonts/Web437_Sharp_PC3K-2x.woff
A	public/static/fonts/Web437_Sharp_PC3K.woff
A	public/static/fonts/Web437_Sharp_PC3K_Alt-2x.woff
A	public/static/fonts/Web437_Sharp_PC3K_Alt.woff
A	public/static/fonts/Web437_Siemens_PC-D.woff
A	public/static/fonts/Web437_Sigma_RM_8x14.woff
A	public/static/fonts/Web437_Sigma_RM_8x16.woff
A	public/static/fonts/Web437_Sigma_RM_8x8.woff
A	public/static/fonts/Web437_Sigma_RM_9x14.woff
A	public/static/fonts/Web437_Sigma_RM_9x16.woff
A	public/static/fonts/Web437_Sigma_RM_9x8.woff
A	public/static/fonts/Web437_SperryPC_8x16.woff
A	public/static/fonts/Web437_SperryPC_CGA-2y.woff
A	public/static/fonts/Web437_SperryPC_CGA.woff
A	public/static/fonts/Web437_Tandy1K-II_200L-2x.woff
A	public/static/fonts/Web437_Tandy1K-II_200L-2y.woff
A	public/static/fonts/Web437_Tandy1K-II_200L.woff
A	public/static/fonts/Web437_Tandy1K-II_225L-2y.woff
A	public/static/fonts/Web437_Tandy1K-II_225L.woff
A	public/static/fonts/Web437_Tandy1K-II_Mono.woff
A	public/static/fonts/Web437_Tandy1K-I_200L-2x.woff
A	public/static/fonts/Web437_Tandy1K-I_200L-2y.woff
A	public/static/fonts/Web437_Tandy1K-I_200L.woff
A	public/static/fonts/Web437_Tandy1K-I_225L-2y.woff
A	public/static/fonts/Web437_Tandy1K-I_225L.woff
A	public/static/fonts/Web437_Tandy2K-2x.woff
A	public/static/fonts/Web437_Tandy2K.woff
A	public/static/fonts/Web437_Tandy2K_G-2x.woff
A	public/static/fonts/Web437_Tandy2K_G-TV.woff
A	public/static/fonts/Web437_Tandy2K_G.woff
A	public/static/fonts/Web437_TelePC-2y.woff
A	public/static/fonts/Web437_TelePC.woff
A	public/static/fonts/Web437_Ti_Pro.woff
A	public/static/fonts/Web437_ToshibaSat_8x14.woff
A	public/static/fonts/Web437_ToshibaSat_8x16.woff
A	public/static/fonts/Web437_ToshibaSat_8x8.woff
A	public/static/fonts/Web437_ToshibaSat_9x14.woff
A	public/static/fonts/Web437_ToshibaSat_9x16.woff
A	public/static/fonts/Web437_ToshibaSat_9x8.woff
A	public/static/fonts/Web437_ToshibaT300_8x16.woff
A	public/static/fonts/Web437_ToshibaT300_8x8-2y.woff
A	public/static/fonts/Web437_ToshibaT300_8x8.woff
A	public/static/fonts/Web437_ToshibaTxL1_8x16.woff
A	public/static/fonts/Web437_ToshibaTxL1_8x8.woff
A	public/static/fonts/Web437_ToshibaTxL2_8x16.woff
A	public/static/fonts/Web437_ToshibaTxL2_8x8.woff
A	public/static/fonts/Web437_TridentEarly_8x11.woff
A	public/static/fonts/Web437_TridentEarly_8x14.woff
A	public/static/fonts/Web437_TridentEarly_8x16.woff
A	public/static/fonts/Web437_TridentEarly_8x8.woff
A	public/static/fonts/Web437_TridentEarly_9x14.woff
A	public/static/fonts/Web437_TridentEarly_9x16.woff
A	public/static/fonts/Web437_TridentEarly_9x8.woff
A	public/static/fonts/Web437_Trident_8x11.woff
A	public/static/fonts/Web437_Trident_8x14.woff
A	public/static/fonts/Web437_Trident_8x16.woff
A	public/static/fonts/Web437_Trident_8x8.woff
A	public/static/fonts/Web437_Trident_9x14.woff
A	public/static/fonts/Web437_Trident_9x16.woff
A	public/static/fonts/Web437_Trident_9x8.woff
A	public/static/fonts/Web437_TsengEVA_132_6x14.woff
A	public/static/fonts/Web437_TsengEVA_132_6x8.woff
A	public/static/fonts/Web437_VTech_BIOS-2y.woff
A	public/static/fonts/Web437_VTech_BIOS.woff
A	public/static/fonts/Web437_Verite_8x14.woff
A	public/static/fonts/Web437_Verite_8x16.woff
A	public/static/fonts/Web437_Verite_8x8-2y.woff
A	public/static/fonts/Web437_Verite_8x8.woff
A	public/static/fonts/Web437_Verite_9x14.woff
A	public/static/fonts/Web437_Verite_9x16.woff
A	public/static/fonts/Web437_Verite_9x8.woff
A	public/static/fonts/Web437_Wang_Pro_Color-2y.woff
A	public/static/fonts/Web437_Wang_Pro_Color.woff
A	public/static/fonts/Web437_Wang_Pro_Mono.woff
A	public/static/fonts/Web437_Wyse700a-2y.woff
A	public/static/fonts/Web437_Wyse700a.woff
A	public/static/fonts/Web437_Wyse700b-2y.woff
A	public/static/fonts/Web437_Wyse700b.woff
A	public/static/fonts/Web437_Zenith_Z-100.woff
A	public/static/fonts/Web437_Zenith_Z-100_Alt.woff
A	public/static/fonts/WebPlus_AST_PremiumExec.woff
A	public/static/fonts/WebPlus_Amstrad_PC-2y.woff
A	public/static/fonts/WebPlus_Amstrad_PC.woff
A	public/static/fonts/WebPlus_Cordata_PPC-21.woff
A	public/static/fonts/WebPlus_Cordata_PPC-400.woff
A	public/static/fonts/WebPlus_HP_100LX_10x11.woff
A	public/static/fonts/WebPlus_HP_100LX_16x12.woff
A	public/static/fonts/WebPlus_HP_100LX_6x8-2x.woff
A	public/static/fonts/WebPlus_HP_100LX_6x8.woff
A	public/static/fonts/WebPlus_HP_100LX_8x8-2x.woff
A	public/static/fonts/WebPlus_HP_100LX_8x8.woff
A	public/static/fonts/WebPlus_HP_150_re.woff
A	public/static/fonts/WebPlus_IBM_BIOS-2x.woff
A	public/static/fonts/WebPlus_IBM_BIOS-2y.woff
A	public/static/fonts/WebPlus_IBM_BIOS.woff
A	public/static/fonts/WebPlus_IBM_CGA-2y.woff
A	public/static/fonts/WebPlus_IBM_CGA.woff
A	public/static/fonts/WebPlus_IBM_CGAthin-2y.woff
A	public/static/fonts/WebPlus_IBM_CGAthin.woff
A	public/static/fonts/WebPlus_IBM_EGA_8x14-2x.woff
A	public/static/fonts/WebPlus_IBM_EGA_8x14.woff
A	public/static/fonts/WebPlus_IBM_EGA_8x8-2x.woff
A	public/static/fonts/WebPlus_IBM_EGA_8x8.woff
A	public/static/fonts/WebPlus_IBM_EGA_9x14-2x.woff
A	public/static/fonts/WebPlus_IBM_EGA_9x14.woff
A	public/static/fonts/WebPlus_IBM_EGA_9x8-2x.woff
A	public/static/fonts/WebPlus_IBM_EGA_9x8.woff
A	public/static/fonts/WebPlus_IBM_MDA.woff
A	public/static/fonts/WebPlus_IBM_VGA_8x14-2x.woff
A	public/static/fonts/WebPlus_IBM_VGA_8x14.woff
A	public/static/fonts/WebPlus_IBM_VGA_8x16-2x.woff
A	public/static/fonts/WebPlus_IBM_VGA_8x16.woff
A	public/static/fonts/WebPlus_IBM_VGA_9x14-2x.woff
A	public/static/fonts/WebPlus_IBM_VGA_9x14.woff
A	public/static/fonts/WebPlus_IBM_VGA_9x16-2x.woff
A	public/static/fonts/WebPlus_IBM_VGA_9x16.woff
A	public/static/fonts/WebPlus_IBM_VGA_9x8-2x.woff
A	public/static/fonts/WebPlus_IBM_VGA_9x8.woff
A	public/static/fonts/WebPlus_IBM_XGA-AI_12x20.woff
A	public/static/fonts/WebPlus_Rainbow100_re_132.woff
A	public/static/fonts/WebPlus_Rainbow100_re_40.woff
A	public/static/fonts/WebPlus_Rainbow100_re_66.woff
A	public/static/fonts/WebPlus_Rainbow100_re_80.woff
A	public/static/fonts/WebPlus_Tandy1K-II_200L-2x.woff
A	public/static/fonts/WebPlus_Tandy1K-II_200L-2y.woff
A	public/static/fonts/WebPlus_Tandy1K-II_200L.woff
A	public/static/fonts/WebPlus_Tandy1K-II_225L-2y.woff
A	public/static/fonts/WebPlus_Tandy1K-II_225L.woff
A	public/static/fonts/WebPlus_ToshibaSat_8x14.woff
A	public/static/fonts/WebPlus_ToshibaSat_8x16.woff
A	public/static/fonts/WebPlus_ToshibaSat_8x8.woff
A	public/static/fonts/WebPlus_ToshibaSat_9x14.woff
A	public/static/fonts/WebPlus_ToshibaSat_9x16.woff
A	public/static/fonts/WebPlus_ToshibaSat_9x8.woff
A	public/static/fonts/WebPlus_ToshibaTxL1_8x16.woff
A	public/static/fonts/WebPlus_ToshibaTxL2_8x16.woff
A	public/static/fonts/typefacemarioworldpixelfilledregular-rgvmx.ttf
A	public/static/fonts/typefacemarioworldpixelfilledregular-yz84q.otf
A	public/static/fonts/typefacemarioworldpixeloutlineregular-k75rw.otf
A	public/static/fonts/typefacemarioworldpixeloutlineregular-mvzkp.ttf
A	public/static/fonts/windows_command_prompt.ttf
A	public/static/images/1679456597836.png
A	public/static/images/43389f93a7876ed.png
A	public/static/images/996e24639b91722571c81723760023e0.png
A	public/static/images/IfIpVKM.png
A	public/static/images/PXL_20230322_080050245.jpg
A	public/static/images/Screenshot_20230409_214634.png
A	public/static/images/background.png
A	public/static/images/crying-sad.gif
A	public/static/images/disk.png
A	public/static/images/frens/5amgf_88x31.gif
A	public/static/images/frens/MOSHED-2019-3-13-21-13-29.gif
A	public/static/images/frens/fatass.gif
A	public/static/images/frens/get_shockwave_flash.gif
A	public/static/images/frens/link_uxo.gif
A	public/static/images/frens/newgrounds.gif
A	public/static/images/frens/tumblr_0cb9c7d1e293fa0f6bda614847bef6e3_c7082458_250.gif
A	public/static/images/frens/yesterweb-radio-button.png
A	public/static/images/paper.gif
A	public/static/images/paper.png
A	public/static/images/pepe-pepe-the-frog.gif
A	public/static/images/pizza.png
A	public/static/images/soyjack2.png
A	public/static/images/stardew2.webp
A	public/static/projects/startupos/index.html
A	public/static/projects/v86
A	public/static/sounds/Delicious_Handrawn.zip
A	public/static/sounds/boom 2.mp3
A	public/static/sounds/boom.mp3
A	public/static/sounds/cadnav-200F9111G3.rar
A	public/static/videos/romantical.mp4
A	tsconfig.json
A	yarn.lock
